Component: Arm Compiler for Embedded 6.23 Tool: armlink [5f102400]

==============================================================================

Section Cross References

    startup_stm32l432xx.o(STACK) refers (Special) to heapauxi.o(.text) for __use_two_region_memory
    startup_stm32l432xx.o(HEAP) refers (Special) to heapauxi.o(.text) for __use_two_region_memory
    startup_stm32l432xx.o(RESET) refers (Special) to heapauxi.o(.text) for __use_two_region_memory
    startup_stm32l432xx.o(RESET) refers to startup_stm32l432xx.o(STACK) for __initial_sp
    startup_stm32l432xx.o(RESET) refers to startup_stm32l432xx.o(.text) for Reset_Handler
    startup_stm32l432xx.o(RESET) refers to stm32l4xx_it.o(.text.NMI_Handler) for NMI_Handler
    startup_stm32l432xx.o(RESET) refers to stm32l4xx_it.o(.text.HardFault_Handler) for HardFault_Handler
    startup_stm32l432xx.o(RESET) refers to stm32l4xx_it.o(.text.MemManage_Handler) for MemManage_Handler
    startup_stm32l432xx.o(RESET) refers to stm32l4xx_it.o(.text.BusFault_Handler) for BusFault_Handler
    startup_stm32l432xx.o(RESET) refers to stm32l4xx_it.o(.text.UsageFault_Handler) for UsageFault_Handler
    startup_stm32l432xx.o(RESET) refers to stm32l4xx_it.o(.text.SVC_Handler) for SVC_Handler
    startup_stm32l432xx.o(RESET) refers to stm32l4xx_it.o(.text.DebugMon_Handler) for DebugMon_Handler
    startup_stm32l432xx.o(RESET) refers to stm32l4xx_it.o(.text.PendSV_Handler) for PendSV_Handler
    startup_stm32l432xx.o(RESET) refers to stm32l4xx_it.o(.text.SysTick_Handler) for SysTick_Handler
    startup_stm32l432xx.o(RESET) refers to stm32l4xx_it.o(.text.DMA1_Channel6_IRQHandler) for DMA1_Channel6_IRQHandler
    startup_stm32l432xx.o(RESET) refers to stm32l4xx_it.o(.text.DMA1_Channel7_IRQHandler) for DMA1_Channel7_IRQHandler
    startup_stm32l432xx.o(RESET) refers to main.o(.text.EXTI9_5_IRQHandler) for EXTI9_5_IRQHandler
    startup_stm32l432xx.o(RESET) refers to stm32l4xx_it.o(.text.USART2_IRQHandler) for USART2_IRQHandler
    startup_stm32l432xx.o(.text) refers (Special) to heapauxi.o(.text) for __use_two_region_memory
    startup_stm32l432xx.o(.text) refers to system_stm32l4xx.o(.text.SystemInit) for SystemInit
    startup_stm32l432xx.o(.text) refers to __main.o(!!!main) for __main
    startup_stm32l432xx.o(.text) refers to startup_stm32l432xx.o(HEAP) for Heap_Mem
    startup_stm32l432xx.o(.text) refers to startup_stm32l432xx.o(STACK) for Stack_Mem
    bus_servo_driver.o(.ARM.exidx.text.check_sum) refers to bus_servo_driver.o(.text.check_sum) for [Anonymous Symbol]
    bus_servo_driver.o(.text.SerialServoSetID) refers to stm32l4xx_hal_uart.o(.text.HAL_UART_Transmit) for HAL_UART_Transmit
    bus_servo_driver.o(.ARM.exidx.text.SerialServoSetID) refers to bus_servo_driver.o(.text.SerialServoSetID) for [Anonymous Symbol]
    bus_servo_driver.o(.text.SerialServoMove) refers to stm32l4xx_hal_uart.o(.text.HAL_UART_Transmit) for HAL_UART_Transmit
    bus_servo_driver.o(.ARM.exidx.text.SerialServoMove) refers to bus_servo_driver.o(.text.SerialServoMove) for [Anonymous Symbol]
    bus_servo_driver.o(.text.SerialServoReadID) refers to stm32l4xx_hal_uart.o(.text.HAL_UART_Transmit) for HAL_UART_Transmit
    bus_servo_driver.o(.text.SerialServoReadID) refers to bus_servo_driver.o(.bss..L_MergedGlobals) for .L_MergedGlobals
    bus_servo_driver.o(.text.SerialServoReadID) refers to stm32l4xx_hal_uart_ex.o(.text.HAL_UARTEx_ReceiveToIdle) for HAL_UARTEx_ReceiveToIdle
    bus_servo_driver.o(.ARM.exidx.text.SerialServoReadID) refers to bus_servo_driver.o(.text.SerialServoReadID) for [Anonymous Symbol]
    bus_servo_driver.o(.text.SerialServoReadPosition) refers to stm32l4xx_hal_uart.o(.text.HAL_UART_Transmit) for HAL_UART_Transmit
    bus_servo_driver.o(.text.SerialServoReadPosition) refers to stm32l4xx_hal_uart.o(.text.HAL_UART_Receive) for HAL_UART_Receive
    bus_servo_driver.o(.ARM.exidx.text.SerialServoReadPosition) refers to bus_servo_driver.o(.text.SerialServoReadPosition) for [Anonymous Symbol]
    bus_servo_driver.o(.text.SerialServoReadDev) refers to stm32l4xx_hal_uart.o(.text.HAL_UART_Transmit) for HAL_UART_Transmit
    bus_servo_driver.o(.text.SerialServoReadDev) refers to bus_servo_driver.o(.bss..L_MergedGlobals) for .L_MergedGlobals
    bus_servo_driver.o(.text.SerialServoReadDev) refers to stm32l4xx_hal_uart_ex.o(.text.HAL_UARTEx_ReceiveToIdle) for HAL_UARTEx_ReceiveToIdle
    bus_servo_driver.o(.ARM.exidx.text.SerialServoReadDev) refers to bus_servo_driver.o(.text.SerialServoReadDev) for [Anonymous Symbol]
    bus_servo_driver.o(.text.SerialServoReadAngleRange) refers to stm32l4xx_hal_uart.o(.text.HAL_UART_Transmit) for HAL_UART_Transmit
    bus_servo_driver.o(.text.SerialServoReadAngleRange) refers to bus_servo_driver.o(.bss..L_MergedGlobals) for .L_MergedGlobals
    bus_servo_driver.o(.text.SerialServoReadAngleRange) refers to stm32l4xx_hal_uart_ex.o(.text.HAL_UARTEx_ReceiveToIdle) for HAL_UARTEx_ReceiveToIdle
[...]
    .text                                    0x08000258   Section       64  startup_stm32l432xx.o(.text)
    .text                                    0x08000298   Section      240  lludivv7m.o(.text)
    .text                                    0x08000388   Section       78  rt_memclr_w.o(.text)
    .text                                    0x080003d6   Section        0  heapauxi.o(.text)
    .text                                    0x080003dc   Section        0  _rserrno.o(.text)
    .text                                    0x080003f4   Section        8  rt_errno_addr_intlibspace.o(.text)
    .text                                    0x080003fc   Section        8  libspace.o(.text)
    .text                                    0x08000404   Section       74  sys_stackheap_outer.o(.text)
    .text                                    0x0800044e   Section        0  exit.o(.text)
    .text                                    0x08000460   Section        0  sys_exit.o(.text)
    .text                                    0x0800046c   Section        2  use_no_semi.o(.text)
    .text                                    0x0800046e   Section        0  indicate_semi.o(.text)
    [Anonymous Symbol]                       0x08000470   Section        0  stm32l4xx_it.o(.text.BusFault_Handler)
    [Anonymous Symbol]                       0x08000474   Section        0  stm32l4xx_it.o(.text.DMA1_Channel6_IRQHandler)
    [Anonymous Symbol]                       0x08000480   Section        0  stm32l4xx_it.o(.text.DMA1_Channel7_IRQHandler)
    [Anonymous Symbol]                       0x0800048c   Section        0  stm32l4xx_it.o(.text.DebugMon_Handler)
    [Anonymous Symbol]                       0x08000490   Section        0  main.o(.text.EXTI9_5_IRQHandler)
    [Anonymous Symbol]                       0x080004d8   Section        0  main.o(.text.Error_Handler)
    [Anonymous Symbol]                       0x080004e4   Section        0  stm32l4xx_hal_dma.o(.text.HAL_DMA_Abort)
    [Anonymous Symbol]                       0x08000530   Section        0  stm32l4xx_hal_dma.o(.text.HAL_DMA_Abort_IT)
    [Anonymous Symbol]                       0x08000584   Section        0  stm32l4xx_hal_dma.o(.text.HAL_DMA_IRQHandler)
    [Anonymous Symbol]                       0x08000630   Section        0  stm32l4xx_hal_dma.o(.text.HAL_DMA_Init)
    [Anonymous Symbol]                       0x080006fc   Section        0  stm32l4xx_hal_dma.o(.text.HAL_DMA_Start_IT)
    [Anonymous Symbol]                       0x080007a4   Section        0  stm32l4xx_hal.o(.text.HAL_Delay)
    [Anonymous Symbol]                       0x080007cc   Section        0  stm32l4xx_hal_gpio.o(.text.HAL_GPIO_EXTI_Callback)
    [Anonymous Symbol]                       0x080007d0   Section        0  stm32l4xx_hal_gpio.o(.text.HAL_GPIO_EXTI_IRQHandler)
    [Anonymous Symbol]                       0x080007e8   Section        0  stm32l4xx_hal_gpio.o(.text.HAL_GPIO_Init)
    [Anonymous Symbol]                       0x080009a0   Section        0  stm32l4xx_hal_gpio.o(.text.HAL_GPIO_WritePin)
    [Anonymous Symbol]                       0x080009ac   Section        0  stm32l4xx_hal.o(.text.HAL_GetTick)
    [Anonymous Symbol]                       0x080009b8   Section        0  stm32l4xx_hal_i2c_ex.o(.text.HAL_I2CEx_ConfigAnalogFilter)
    [Anonymous Symbol]                       0x08000a04   Section        0  stm32l4xx_hal_i2c_ex.o(.text.HAL_I2CEx_ConfigDigitalFilter)
    [Anonymous Symbol]                       0x08000a4c   Section        0  stm32l4xx_hal_i2c.o(.text.HAL_I2C_Init)
    [Anonymous Symbol]                       0x08000afc   Section        0  stm32l4xx_hal_i2c.o(.text.HAL_I2C_Mem_Read)
    [Anonymous Symbol]                       0x08000d4c   Section        0  stm32l4xx_hal_i2c.o(.text.HAL_I2C_Mem_Write)
    [Anonymous Symbol]                       0x08000f8c   Section        0  stm32l4xx_hal_msp.o(.text.HAL_I2C_MspInit)
    [Anonymous Symbol]                       0x08001038   Section        0  stm32l4xx_hal.o(.text.HAL_IncTick)
    [Anonymous Symbol]                       0x08001054   Section        0  stm32l4xx_hal.o(.text.HAL_Init)
    [Anonymous Symbol]                       0x08001074   Section        0  stm32l4xx_hal.o(.text.HAL_InitTick)
    [Anonymous Symbol]                       0x080010c4   Section        0  stm32l4xx_hal_msp.o(.text.HAL_MspInit)
    [Anonymous Symbol]                       0x080010f8   Section        0  stm32l4xx_hal_cortex.o(.text.HAL_NVIC_EnableIRQ)
    [Anonymous Symbol]                       0x0800111c   Section        0  stm32l4xx_hal_cortex.o(.text.HAL_NVIC_SetPriority)
    [Anonymous Symbol]                       0x08001174   Section        0  stm32l4xx_hal_cortex.o(.text.HAL_NVIC_SetPriorityGrouping)
    [Anonymous Symbol]                       0x08001194   Section        0  stm32l4xx_hal_pwr_ex.o(.text.HAL_PWREx_ControlVoltageScaling)
    [Anonymous Symbol]                       0x08001220   Section        0  stm32l4xx_hal_pwr_ex.o(.text.HAL_PWREx_GetVoltageRange)
    [Anonymous Symbol]                       0x08001230   Section        0  stm32l4xx_hal_rcc_ex.o(.text.HAL_RCCEx_PeriphCLKConfig)
    [Anonymous Symbol]                       0x080014b4   Section        0  stm32l4xx_hal_rcc.o(.text.HAL_RCC_ClockConfig)
    [Anonymous Symbol]                       0x080016f4   Section        0  stm32l4xx_hal_rcc.o(.text.HAL_RCC_GetPCLK1Freq)
    [Anonymous Symbol]                       0x08001720   Section        0  stm32l4xx_hal_rcc.o(.text.HAL_RCC_GetPCLK2Freq)
    [Anonymous Symbol]                       0x0800174c   Section        0  stm32l4xx_hal_rcc.o(.text.HAL_RCC_GetSysClockFreq)
    [Anonymous Symbol]                       0x08001814   Section        0  stm32l4xx_hal_rcc.o(.text.HAL_RCC_OscConfig)
    [Anonymous Symbol]                       0x08002008   Section        0  stm32l4xx_hal_cortex.o(.text.HAL_SYSTICK_Config)
    [Anonymous Symbol]                       0x08002034   Section        0  stm32l4xx_hal_tim_ex.o(.text.HAL_TIMEx_ConfigBreakDeadTime)
    [Anonymous Symbol]                       0x080020cc   Section        0  stm32l4xx_hal_tim_ex.o(.text.HAL_TIMEx_MasterConfigSynchronization)
    [Anonymous Symbol]                       0x08002138   Section        0  stm32l4xx_hal_msp.o(.text.HAL_TIM_MspPostInit)
    [Anonymous Symbol]                       0x08002198   Section        0  stm32l4xx_hal_tim.o(.text.HAL_TIM_PWM_ConfigChannel)
    [Anonymous Symbol]                       0x0800254c   Section        0  stm32l4xx_hal_tim.o(.text.HAL_TIM_PWM_Init)
    [Anonymous Symbol]                       0x0800263c   Section        0  stm32l4xx_hal_msp.o(.text.HAL_TIM_PWM_MspInit)
    [Anonymous Symbol]                       0x0800266c   Section        0  stm32l4xx_hal_tim.o(.text.HAL_TIM_PWM_Start)
    [Anonymous Symbol]                       0x08002774   Section        0  stm32l4xx_hal_uart_ex.o(.text.HAL_UARTEx_ReceiveToIdle_DMA)
    [Anonymous Symbol]                       0x0800280c   Section        0  main.o(.text.HAL_UARTEx_RxEventCallback)
    [Anonymous Symbol]                       0x080028a0   Section        0  stm32l4xx_hal_uart_ex.o(.text.HAL_UARTEx_WakeupCallback)
    [Anonymous Symbol]                       0x080028a4   Section        0  main.o(.text.HAL_UART_ErrorCallback)
    [Anonymous Symbol]                       0x080028f4   Section        0  stm32l4xx_hal_uart.o(.text.HAL_UART_IRQHandler)
    [Anonymous Symbol]                       0x08002ef0   Section        0  stm32l4xx_hal_uart.o(.text.HAL_UART_Init)
    [Anonymous Symbol]                       0x08002f50   Section        0  stm32l4xx_hal_msp.o(.text.HAL_UART_MspInit)
    [Anonymous Symbol]                       0x080030d8   Section        0  stm32l4xx_hal_uart.o(.text.HAL_UART_Receive)
    [Anonymous Symbol]                       0x080031d8   Section        0  stm32l4xx_hal_uart.o(.text.HAL_UART_RxCpltCallback)
    [Anonymous Symbol]                       0x080031dc   Section        0  stm32l4xx_hal_uart.o(.text.HAL_UART_RxHalfCpltCallback)
    [Anonymous Symbol]                       0x080031e0   Section        0  stm32l4xx_hal_uart.o(.text.HAL_UART_Transmit)
    [Anonymous Symbol]                       0x0800337c   Section        0  stm32l4xx_hal_uart.o(.text.HAL_UART_Transmit_DMA)
    [Anonymous Symbol]                       0x08003460   Section        0  main.o(.text.HAL_UART_TxCpltCallback)
    [Anonymous Symbol]                       0x08003480   Section        0  stm32l4xx_hal_uart.o(.text.HAL_UART_TxHalfCpltCallback)
    [Anonymous Symbol]                       0x08003484   Section        0  stm32l4xx_it.o(.text.HardFault_Handler)
    I2C_IsErrorOccurred                      0x08003489   Thumb Code   348  stm32l4xx_hal_i2c.o(.text.I2C_IsErrorOccurred)
    [Anonymous Symbol]                       0x08003488   Section        0  stm32l4xx_hal_i2c.o(.text.I2C_IsErrorOccurred)
    I2C_WaitOnFlagUntilTimeout               0x080035e5   Thumb Code   228  stm32l4xx_hal_i2c.o(.text.I2C_WaitOnFlagUntilTimeout)
    [Anonymous Symbol]                       0x080035e4   Section        0  stm32l4xx_hal_i2c.o(.text.I2C_WaitOnFlagUntilTimeout)
    I2C_WaitOnSTOPFlagUntilTimeout           0x080036c9   Thumb Code   124  stm32l4xx_hal_i2c.o(.text.I2C_WaitOnSTOPFlagUntilTimeout)
    [Anonymous Symbol]                       0x080036c8   Section        0  stm32l4xx_hal_i2c.o(.text.I2C_WaitOnSTOPFlagUntilTimeout)
    I2C_WaitOnTXISFlagUntilTimeout           0x08003745   Thumb Code   152  stm32l4xx_hal_i2c.o(.text.I2C_WaitOnTXISFlagUntilTimeout)
    [Anonymous Symbol]                       0x08003744   Section        0  stm32l4xx_hal_i2c.o(.text.I2C_WaitOnTXISFlagUntilTimeout)
    [Anonymous Symbol]                       0x080037dc   Section        0  stm32l4xx_it.o(.text.MemManage_Handler)
    [Anonymous Symbol]                       0x080037e0   Section        0  stm32l4xx_it.o(.text.NMI_Handler)
    [Anonymous Symbol]                       0x080037e4   Section        0  stm32l4xx_it.o(.text.PendSV_Handler)
    RCCEx_PLLSAI1_Config                     0x080037e9   Thumb Code   328  stm32l4xx_hal_rcc_ex.o(.text.RCCEx_PLLSAI1_Config)
    [Anonymous Symbol]                       0x080037e8   Section        0  stm32l4xx_hal_rcc_ex.o(.text.RCCEx_PLLSAI1_Config)
    [Anonymous Symbol]                       0x08003930   Section        0  stm32l4xx_it.o(.text.SVC_Handler)
    [Anonymous Symbol]                       0x08003934   Section        0  bus_servo_driver.o(.text.SerialServoMove)
    [Anonymous Symbol]                       0x080039a0   Section        0  bus_servo_driver.o(.text.SerialServoReadPosition)
    [Anonymous Symbol]                       0x08003a70   Section        0  stm32l4xx_it.o(.text.SysTick_Handler)
    [Anonymous Symbol]                       0x08003a74   Section        0  system_stm32l4xx.o(.text.SystemInit)
    [Anonymous Symbol]                       0x08003a88   Section        0  stm32l4xx_hal_uart.o(.text.UART_AdvFeatureConfig)
    [Anonymous Symbol]                       0x08003b70   Section        0  stm32l4xx_hal_uart.o(.text.UART_CheckIdleState)
    UART_DMAAbortOnError                     0x08003cd9   Thumb Code    16  stm32l4xx_hal_uart.o(.text.UART_DMAAbortOnError)
    [Anonymous Symbol]                       0x08003cd8   Section        0  stm32l4xx_hal_uart.o(.text.UART_DMAAbortOnError)
    UART_DMAError                            0x08003ce9   Thumb Code   386  stm32l4xx_hal_uart.o(.text.UART_DMAError)
    [Anonymous Symbol]                       0x08003ce8   Section        0  stm32l4xx_hal_uart.o(.text.UART_DMAError)
    UART_DMAReceiveCplt                      0x08003e6d   Thumb Code   356  stm32l4xx_hal_uart.o(.text.UART_DMAReceiveCplt)
    [Anonymous Symbol]                       0x08003e6c   Section        0  stm32l4xx_hal_uart.o(.text.UART_DMAReceiveCplt)
    UART_DMARxHalfCplt                       0x08003fd1   Thumb Code    26  stm32l4xx_hal_uart.o(.text.UART_DMARxHalfCplt)
    [Anonymous Symbol]                       0x08003fd0   Section        0  stm32l4xx_hal_uart.o(.text.UART_DMARxHalfCplt)
    UART_DMATransmitCplt                     0x08003fed   Thumb Code   176  stm32l4xx_hal_uart.o(.text.UART_DMATransmitCplt)
    [Anonymous Symbol]                       0x08003fec   Section        0  stm32l4xx_hal_uart.o(.text.UART_DMATransmitCplt)
    UART_DMATxHalfCplt                       0x0800409d   Thumb Code     6  stm32l4xx_hal_uart.o(.text.UART_DMATxHalfCplt)
    [Anonymous Symbol]                       0x0800409c   Section        0  stm32l4xx_hal_uart.o(.text.UART_DMATxHalfCplt)
    [Anonymous Symbol]                       0x080040a4   Section        0  stm32l4xx_hal_uart.o(.text.UART_SetConfig)
    [Anonymous Symbol]                       0x080042a4   Section        0  stm32l4xx_hal_uart.o(.text.UART_Start_Receive_DMA)
    [Anonymous Symbol]                       0x080043ec   Section        0  stm32l4xx_hal_uart.o(.text.UART_WaitOnFlagUntilTimeout)
    [Anonymous Symbol]                       0x0800472c   Section        0  stm32l4xx_it.o(.text.USART2_IRQHandler)
    [Anonymous Symbol]                       0x08004738   Section        0  stm32l4xx_it.o(.text.UsageFault_Handler)
    [Anonymous Symbol]                       0x0800473c   Section        0  vl53l1x_api.o(.text.VL53L1X_ClearInterrupt)
    [Anonymous Symbol]                       0x08004744   Section        0  vl53l1x_api.o(.text.VL53L1X_GetDistance)
    [Anonymous Symbol]                       0x08004760   Section        0  vl53l1x_api.o(.text.VL53L1X_GetRangeStatus)
    [Anonymous Symbol]                       0x08004790   Section        0  vl53l1x_api.o(.text.VL53L1X_SensorInit)
    [Anonymous Symbol]                       0x08004878   Section        0  vl53l1x_api.o(.text.VL53L1X_SetDistanceMode)
    [Anonymous Symbol]                       0x080049b4   Section        0  vl53l1x_api.o(.text.VL53L1X_SetTimingBudgetInMs)
    [Anonymous Symbol]                       0x08004ad0   Section        0  vl53l1x_api.o(.text.VL53L1X_StartRanging)
    [Anonymous Symbol]                       0x08004ad8   Section        0  vl53l1_platform.o(.text.VL53L1_RdByte)
    [Anonymous Symbol]                       0x08004b10   Section        0  vl53l1_platform.o(.text.VL53L1_RdWord)
    [Anonymous Symbol]                       0x08004b54   Section        0  vl53l1_platform.o(.text.VL53L1_ReadMulti)
    [Anonymous Symbol]                       0x08004b8c   Section        0  vl53l1_platform.o(.text.VL53L1_WaitMs)
    [Anonymous Symbol]                       0x08004b94   Section        0  vl53l1_platform.o(.text.VL53L1_WrByte)
    [Anonymous Symbol]                       0x08004bd4   Section        0  vl53l1_platform.o(.text.VL53L1_WrDWord)
    [Anonymous Symbol]                       0x08004c10   Section        0  vl53l1_platform.o(.text.VL53L1_WrWord)
    [Anonymous Symbol]                       0x08004c50   Section        0  vl53l1x_api.o(.text.VL53L1__Init)
    __NVIC_SystemReset                       0x08004ea1   Thumb Code    42  main.o(.text.__NVIC_SystemReset)
    [Anonymous Symbol]                       0x08004ea0   Section        0  main.o(.text.__NVIC_SystemReset)
    [Anonymous Symbol]                       0x08004ed0   Section        0  kinematic.o(.text.inverse_kinematic)
    [Anonymous Symbol]                       0x08005288   Section        0  main.o(.text.main)
    __arm_cp.5_20                            0x0800590c   Number         4  main.o(.text.main)
    __arm_cp.5_21                            0x08005910   Number         4  main.o(.text.main)
    __arm_cp.5_22                            0x08005914   Number         4  main.o(.text.main)
    __arm_cp.5_23                            0x08005918   Number         4  main.o(.text.main)
    __arm_cp.5_24                            0x0800591c   Number         4  main.o(.text.main)
    [Anonymous Symbol]                       0x08005ca0   Section        0  main.o(.text.to_folded_position)
    [Anonymous Symbol]                       0x08005e28   Section        0  main.o(.text.to_home_position)
    [Anonymous Symbol]                       0x08005fbc   Section        0  main.o(.text.to_moving_position)
    [Anonymous Symbol]                       0x08006190   Section        0  main.o(.text.to_ready_position)
    [Anonymous Symbol]                       0x08006324   Section        0  vl53l1_platform.o(.text.vl53l1x_assignI2C)
    i.__ARM_fpclassifyf                      0x08006330   Section        0  fpclassifyf.o(i.__ARM_fpclassifyf)
    i.__hardfp_atan2f                        0x08006358   Section        0  atan2f.o(i.__hardfp_atan2f)
    i.__hardfp_cosf                          0x08006604   Section        0  cosf.o(i.__hardfp_cosf)
    i.__hardfp_sinf                          0x08006754   Section        0  sinf.o(i.__hardfp_sinf)
    i.__mathlib_flt_infnan                   0x080068e4   Section        0  funder.o(i.__mathlib_flt_infnan)
    i.__mathlib_flt_infnan2                  0x080068ea   Section        0  funder.o(i.__mathlib_flt_infnan2)
    i.__mathlib_flt_invalid                  0x080068f0   Section        0  funder.o(i.__mathlib_flt_invalid)
    i.__mathlib_flt_underflow                0x08006900   Section        0  funder.o(i.__mathlib_flt_underflow)
    i.__mathlib_rredf2                       0x08006910   Section        0  rredf.o(i.__mathlib_rredf2)
    $v0                                      0x08006a64   Number         0  ddiv.o(x$fpl$ddiv)
    x$fpl$ddiv                               0x08006a64   Section      696  ddiv.o(x$fpl$ddiv)
    ddiv_entry                               0x08006a6b   Thumb Code     0  ddiv.o(x$fpl$ddiv)
    $v0                                      0x08006d1c   Number         0  dfix.o(x$fpl$dfix)
    x$fpl$dfix                               0x08006d1c   Section       94  dfix.o(x$fpl$dfix)
    $v0                                      0x08006d7c   Number         0  dfixu.o(x$fpl$dfixu)
    x$fpl$dfixu                              0x08006d7c   Section       90  dfixu.o(x$fpl$dfixu)
    $v0                                      0x08006dd6   Number         0  dflt_clz.o(x$fpl$dfltu)
    x$fpl$dfltu                              0x08006dd6   Section       38  dflt_clz.o(x$fpl$dfltu)
    $v0                                      0x08006dfc   Number         0  dmul.o(x$fpl$dmul)
    x$fpl$dmul                               0x08006dfc   Section      340  dmul.o(x$fpl$dmul)
    $v0                                      0x08006f50   Number         0  dnaninf.o(x$fpl$dnaninf)
    x$fpl$dnaninf                            0x08006f50   Section      156  dnaninf.o(x$fpl$dnaninf)
    $v0                                      0x08006fec   Number         0  dretinf.o(x$fpl$dretinf)
    x$fpl$dretinf                            0x08006fec   Section       12  dretinf.o(x$fpl$dretinf)
    $v0                                      0x08006ff8   Number         0  f2d.o(x$fpl$f2d)
    x$fpl$f2d                                0x08006ff8   Section       86  f2d.o(x$fpl$f2d)
    $v0                                      0x0800704e   Number         0  fnaninf.o(x$fpl$fnaninf)
    x$fpl$fnaninf                            0x0800704e   Section      140  fnaninf.o(x$fpl$fnaninf)
    $v0                                      0x080070da   Number         0  fpinit.o(x$fpl$fpinit)
    x$fpl$fpinit                             0x080070da   Section       26  fpinit.o(x$fpl$fpinit)
    twooverpi                                0x080070f4   Data          32  rredf.o(.constdata)
    .constdata                               0x080070f4   Section       32  rredf.o(.constdata)
    x$fpl$usenofp                            0x080070f4   Section        0  usenofp.o(x$fpl$usenofp)
    .Lswitch.table.UART_SetConfig.2          0x080071b8   Data          16  stm32l4xx_hal_uart.o(.rodata.cst16)
    status_rtn                               0x080071c8   Data          24  vl53l1x_api.o(.rodata.status_rtn)
    [Anonymous Symbol]                       0x080071c8   Section        0  vl53l1x_api.o(.rodata.status_rtn)
    .L_MergedGlobals                         0x20000000   Data           2  main.o(.data..L_MergedGlobals)
    [Anonymous Symbol]                       0x20000000   Section        0  main.o(.data..L_MergedGlobals)
    .L_MergedGlobals                         0x20000004   Data           8  stm32l4xx_hal.o(.data..L_MergedGlobals)
    [Anonymous Symbol]                       0x20000004   Section        0  stm32l4xx_hal.o(.data..L_MergedGlobals)
    .bss                                     0x20000010   Section       96  libspace.o(.bss)
    .L_MergedGlobals.4                       0x20000070   Data          92  main.o(.bss..L_MergedGlobals.4)
    [Anonymous Symbol]                       0x20000070   Section        0  main.o(.bss..L_MergedGlobals.4)
    main.release_state                       0x20000077   Data           1  main.o(.bss..L_MergedGlobals.4)
    main.grip_state                          0x20000078   Data           1  main.o(.bss..L_MergedGlobals.4)
    main.in_progress_state                   0x20000079   Data           1  main.o(.bss..L_MergedGlobals.4)
    main.release_time                        0x200000a4   Data           4  main.o(.bss..L_MergedGlobals.4)
    main.grip_start_time                     0x200000a8   Data           4  main.o(.bss..L_MergedGlobals.4)
    main.in_progress_time                    0x200000ac   Data           4  main.o(.bss..L_MergedGlobals.4)
    _vl53l1x_i2c_port                        0x200000cc   Data           4  vl53l1_platform.o(.bss._vl53l1x_i2c_port)
    [Anonymous Symbol]                       0x200000cc   Section        0  vl53l1_platform.o(.bss._vl53l1x_i2c_port)
    Heap_Mem                                 0x20000318   Data         512  startup_stm32l432xx.o(HEAP)
    HEAP                                     0x20000318   Section      512  startup_stm32l432xx.o(HEAP)
    Stack_Mem                                0x20000518   Data        1024  startup_stm32l432xx.o(STACK)
    STACK                                    0x20000518   Section     1024  startup_stm32l432xx.o(STACK)
    __initial_sp                             0x20000918   Data           0  startup_stm32l432xx.o(STACK)

    Global Symbols

    Symbol Name                              Value     Ov Type        Size  Object(Section)

    BuildAttributes$$THM_ISAv4$E$P$D$K$B$S$7EM$VFPi3$EXTD16$VFPS$VFMA$PE$A:L22UL41UL21$X:L11$S22US41US21$IEEE1$IW$~IW$USESV6$~STKCKD$USESV7$~SHL$OTIME$ROPI$IEEEX$EBA8$UX$STANDARDLIB$REQ8$PRES8$EABIv2 0x00000000   Number         0  anon$$obj.o ABSOLUTE
    __ARM_exceptions_init                     - Undefined Weak Reference
    __alloca_initialize                       - Undefined Weak Reference
    __arm_preinit_                            - Undefined Weak Reference
    __arm_relocate_pie_                       - Undefined Weak Reference
    __cpp_initialize__aeabi_                  - Undefined Weak Reference
    __cxa_finalize                            - Undefined Weak Reference
    __rt_locale                               - Undefined Weak Reference
    __sigvec_lookup                           - Undefined Weak Reference
    _atexit_init                              - Undefined Weak Reference
    _call_atexit_fns                          - Undefined Weak Reference
    _clock_init                               - Undefined Weak Reference
    _fp_trap_init                             - Undefined Weak Reference
    _fp_trap_shutdown                         - Undefined Weak Reference
    _get_lc_collate                           - Undefined Weak Reference
    _get_lc_ctype                             - Undefined Weak Reference
    _get_lc_monetary                          - Undefined Weak Reference
    _get_lc_numeric                           - Undefined Weak Reference
    _get_lc_time                              - Undefined Weak Reference
    _getenv_init                              - Undefined Weak Reference
    _handle_redirection                       - Undefined Weak Reference
    _init_alloc                               - Undefined Weak Reference
    _init_user_alloc                          - Undefined Weak Reference
    _initio                                   - Undefined Weak Reference
    _rand_init                                - Undefined Weak Reference
    _signal_finish                            - Undefined Weak Reference
    _signal_init                              - Undefined Weak Reference
    _terminate_alloc                          - Undefined Weak Reference
    _terminate_user_alloc                     - Undefined Weak Reference
    _terminateio                              - Undefined Weak Reference
    __Vectors_Size                           0x0000018c   Number         0  startup_stm32l432xx.o ABSOLUTE
    __Vectors                                0x08000000   Data           4  startup_stm32l432xx.o(RESET)
    __Vectors_End                            0x0800018c   Data           0  startup_stm32l432xx.o(RESET)
    __main                                   0x0800018d   Thumb Code     8  __main.o(!!!main)
    __scatterload                            0x08000195   Thumb Code     0  __scatter.o(!!!scatter)
    __scatterload_rt2                        0x08000195   Thumb Code    84  __scatter.o(!!!scatter)
    __scatterload_rt2_thumb_only             0x08000195   Thumb Code     0  __scatter.o(!!!scatter)
    __scatterload_loop                       0x0800019f   Thumb Code     0  __scatter.o(!!!scatter)
    __scatterload_copy                       0x080001f1   Thumb Code    26  __scatter_copy.o(!!handler_copy)
    __scatterload_null                       0x0800020d   Thumb Code     2  __scatter.o(!!handler_null)
    __scatterload_zeroinit                   0x08000211   Thumb Code    28  __scatter_zi.o(!!handler_zi)
    __rt_lib_init                            0x0800022d   Thumb Code     0  libinit.o(.ARM.Collect$$libinit$$00000000)
    __rt_lib_init_fp_1                       0x0800022f   Thumb Code     0  libinit2.o(.ARM.Collect$$libinit$$00000001)
    __rt_lib_init_alloca_1                   0x08000233   Thumb Code     0  libinit2.o(.ARM.Collect$$libinit$$00000030)
    __rt_lib_init_argv_1                     0x08000233   Thumb Code     0  libinit2.o(.ARM.Collect$$libinit$$0000002E)
    __rt_lib_init_atexit_1                   0x08000233   Thumb Code     0  libinit2.o(.ARM.Collect$$libinit$$0000001D)
    __rt_lib_init_clock_1                    0x08000233   Thumb Code     0  libinit2.o(.ARM.Collect$$libinit$$00000023)
    __rt_lib_init_cpp_1                      0x08000233   Thumb Code     0  libinit2.o(.ARM.Collect$$libinit$$00000034)
    __rt_lib_init_exceptions_1               0x08000233   Thumb Code     0  libinit2.o(.ARM.Collect$$libinit$$00000032)
    __rt_lib_init_fp_trap_1                  0x08000233   Thumb Code     0  libinit2.o(.ARM.Collect$$libinit$$00000021)
    __rt_lib_init_getenv_1                   0x08000233   Thumb Code     0  libinit2.o(.ARM.Collect$$libinit$$00000025)
    __rt_lib_init_heap_1                     0x08000233   Thumb Code     0  libinit2.o(.ARM.Collect$$libinit$$0000000C)
    __rt_lib_init_lc_collate_1               0x08000233   Thumb Code     0  libinit2.o(.ARM.Collect$$libinit$$00000013)
    __rt_lib_init_lc_ctype_1                 0x08000233   Thumb Code     0  libinit2.o(.ARM.Collect$$libinit$$00000015)
    __rt_lib_init_lc_monetary_1              0x08000233   Thumb Code     0  libinit2.o(.ARM.Collect$$libinit$$00000017)
    __rt_lib_init_lc_numeric_1               0x08000233   Thumb Code     0  libinit2.o(.ARM.Collect$$libinit$$00000019)
    __rt_lib_init_lc_time_1                  0x08000233   Thumb Code     0  libinit2.o(.ARM.Collect$$libinit$$0000001B)
    __rt_lib_init_preinit_1                  0x08000233   Thumb Code     0  libinit2.o(.ARM.Collect$$libinit$$00000006)
    __rt_lib_init_rand_1                     0x08000233   Thumb Code     0  libinit2.o(.ARM.Collect$$libinit$$00000010)
    __rt_lib_init_relocate_pie_1             0x08000233   Thumb Code     0  libinit2.o(.ARM.Collect$$libinit$$00000004)
    __rt_lib_init_return                     0x08000233   Thumb Code     0  libinit2.o(.ARM.Collect$$libinit$$00000035)
    __rt_lib_init_signal_1                   0x08000233   Thumb Code     0  libinit2.o(.ARM.Collect$$libinit$$0000001F)
    __rt_lib_init_stdio_1                    0x08000233   Thumb Code     0  libinit2.o(.ARM.Collect$$libinit$$00000027)
    __rt_lib_init_user_alloc_1               0x08000233   Thumb Code     0  libinit2.o(.ARM.Collect$$libinit$$0000000E)
    __rt_lib_shutdown                        0x08000235   Thumb Code     0  libshutdown.o(.ARM.Collect$$libshutdown$$00000000)
    __rt_lib_shutdown_cpp_1                  0x08000237   Thumb Code     0  libshutdown2.o(.ARM.Collect$$libshutdown$$00000002)
    __rt_lib_shutdown_fp_trap_1              0x08000237   Thumb Code     0  libshutdown2.o(.ARM.Collect$$libshutdown$$00000007)
    __rt_lib_shutdown_heap_1                 0x08000237   Thumb Code     0  libshutdown2.o(.ARM.Collect$$libshutdown$$0000000F)
    __rt_lib_shutdown_return                 0x08000237   Thumb Code     0  libshutdown2.o(.ARM.Collect$$libshutdown$$00000010)
    __rt_lib_shutdown_signal_1               0x08000237   Thumb Code     0  libshutdown2.o(.ARM.Collect$$libshutdown$$0000000A)
    __rt_lib_shutdown_stdio_1                0x08000237   Thumb Code     0  libshutdown2.o(.ARM.Collect$$libshutdown$$00000004)
    __rt_lib_shutdown_user_alloc_1           0x08000237   Thumb Code     0  libshutdown2.o(.ARM.Collect$$libshutdown$$0000000C)
    __rt_entry                               0x08000239   Thumb Code     0  __rtentry.o(.ARM.Collect$$rtentry$$00000000)
    __rt_entry_presh_1                       0x08000239   Thumb Code     0  __rtentry2.o(.ARM.Collect$$rtentry$$00000002)
    __rt_entry_sh                            0x08000239   Thumb Code     0  __rtentry4.o(.ARM.Collect$$rtentry$$00000004)
    __rt_entry_li                            0x0800023f   Thumb Code     0  __rtentry2.o(.ARM.Collect$$rtentry$$0000000A)
    __rt_entry_postsh_1                      0x0800023f   Thumb Code     0  __rtentry2.o(.ARM.Collect$$rtentry$$00000009)
    __rt_entry_main                          0x08000243   Thumb Code     0  __rtentry2.o(.ARM.Collect$$rtentry$$0000000D)
    __rt_entry_postli_1                      0x08000243   Thumb Code     0  __rtentry2.o(.ARM.Collect$$rtentry$$0000000C)
    __rt_exit                                0x0800024b   Thumb Code     0  rtexit.o(.ARM.Collect$$rtexit$$00000000)
    __rt_exit_ls                             0x0800024d   Thumb Code     0  rtexit2.o(.ARM.Collect$$rtexit$$00000003)
    __rt_exit_prels_1                        0x0800024d   Thumb Code     0  rtexit2.o(.ARM.Collect$$rtexit$$00000002)
    __rt_exit_exit                           0x08000251   Thumb Code     0  rtexit2.o(.ARM.Collect$$rtexit$$00000004)
    Reset_Handler                            0x08000259   Thumb Code     8  startup_stm32l432xx.o(.text)
    ADC1_IRQHandler                          0x08000273   Thumb Code     0  startup_stm32l432xx.o(.text)
    CAN1_RX0_IRQHandler                      0x08000273   Thumb Code     0  startup_stm32l432xx.o(.text)
    CAN1_RX1_IRQHandler                      0x08000273   Thumb Code     0  startup_stm32l432xx.o(.text)
    CAN1_SCE_IRQHandler                      0x08000273   Thumb Code     0  startup_stm32l432xx.o(.text)
    CAN1_TX_IRQHandler                       0x08000273   Thumb Code     0  startup_stm32l432xx.o(.text)
    COMP_IRQHandler                          0x08000273   Thumb Code     0  startup_stm32l432xx.o(.text)
    CRS_IRQHandler                           0x08000273   Thumb Code     0  startup_stm32l432xx.o(.text)
    DMA1_Channel1_IRQHandler                 0x08000273   Thumb Code     0  startup_stm32l432xx.o(.text)
    DMA1_Channel2_IRQHandler                 0x08000273   Thumb Code     0  startup_stm32l432xx.o(.text)
    DMA1_Channel3_IRQHandler                 0x08000273   Thumb Code     0  startup_stm32l432xx.o(.text)
    DMA1_Channel4_IRQHandler                 0x08000273   Thumb Code     0  startup_stm32l432xx.o(.text)
    DMA1_Channel5_IRQHandler                 0x08000273   Thumb Code     0  startup_stm32l432xx.o(.text)
    DMA2_Channel1_IRQHandler                 0x08000273   Thumb Code     0  startup_stm32l432xx.o(.text)
    DMA2_Channel2_IRQHandler                 0x08000273   Thumb Code     0  startup_stm32l432xx.o(.text)
    DMA2_Channel3_IRQHandler                 0x08000273   Thumb Code     0  startup_stm32l432xx.o(.text)
    DMA2_Channel4_IRQHandler                 0x08000273   Thumb Code     0  startup_stm32l432xx.o(.text)
    DMA2_Channel5_IRQHandler                 0x08000273   Thumb Code     0  startup_stm32l432xx.o(.text)
    DMA2_Channel6_IRQHandler                 0x08000273   Thumb Code     0  startup_stm32l432xx.o(.text)
    DMA2_Channel7_IRQHandler                 0x08000273   Thumb Code     0  startup_stm32l432xx.o(.text)
    EXTI0_IRQHandler                         0x08000273   Thumb Code     0  startup_stm32l432xx.o(.text)
    EXTI15_10_IRQHandler                     0x08000273   Thumb Code     0  startup_stm32l432xx.o(.text)
    EXTI1_IRQHandler                         0x08000273   Thumb Code     0  startup_stm32l432xx.o(.text)
    EXTI2_IRQHandler                         0x08000273   Thumb Code     0  startup_stm32l432xx.o(.text)
    EXTI3_IRQHandler                         0x08000273   Thumb Code     0  startup_stm32l432xx.o(.text)
    EXTI4_IRQHandler                         0x08000273   Thumb Code     0  startup_stm32l432xx.o(.text)
    FLASH_IRQHandler                         0x08000273   Thumb Code     0  startup_stm32l432xx.o(.text)
    FPU_IRQHandler                           0x08000273   Thumb Code     0  startup_stm32l432xx.o(.text)
    I2C1_ER_IRQHandler                       0x08000273   Thumb Code     0  startup_stm32l432xx.o(.text)
    I2C1_EV_IRQHandler                       0x08000273   Thumb Code     0  startup_stm32l432xx.o(.text)
    I2C3_ER_IRQHandler                       0x08000273   Thumb Code     0  startup_stm32l432xx.o(.text)
    I2C3_EV_IRQHandler                       0x08000273   Thumb Code     0  startup_stm32l432xx.o(.text)
    LPTIM1_IRQHandler                        0x08000273   Thumb Code     0  startup_stm32l432xx.o(.text)
    LPTIM2_IRQHandler                        0x08000273   Thumb Code     0  startup_stm32l432xx.o(.text)
    LPUART1_IRQHandler                       0x08000273   Thumb Code     0  startup_stm32l432xx.o(.text)
    PVD_PVM_IRQHandler                       0x08000273   Thumb Code     0  startup_stm32l432xx.o(.text)
    QUADSPI_IRQHandler                       0x08000273   Thumb Code     0  startup_stm32l432xx.o(.text)
    RCC_IRQHandler                           0x08000273   Thumb Code     0  startup_stm32l432xx.o(.text)
    RNG_IRQHandler                           0x08000273   Thumb Code     0  startup_stm32l432xx.o(.text)
    RTC_Alarm_IRQHandler                     0x08000273   Thumb Code     0  startup_stm32l432xx.o(.text)
    RTC_WKUP_IRQHandler                      0x08000273   Thumb Code     0  startup_stm32l432xx.o(.text)
    SAI1_IRQHandler                          0x08000273   Thumb Code     0  startup_stm32l432xx.o(.text)
    SPI1_IRQHandler                          0x08000273   Thumb Code     0  startup_stm32l432xx.o(.text)
    SPI3_IRQHandler                          0x08000273   Thumb Code     0  startup_stm32l432xx.o(.text)
    SWPMI1_IRQHandler                        0x08000273   Thumb Code     0  startup_stm32l432xx.o(.text)
    TAMP_STAMP_IRQHandler                    0x08000273   Thumb Code     0  startup_stm32l432xx.o(.text)
    TIM1_BRK_TIM15_IRQHandler                0x08000273   Thumb Code     0  startup_stm32l432xx.o(.text)
    TIM1_CC_IRQHandler                       0x08000273   Thumb Code     0  startup_stm32l432xx.o(.text)
    TIM1_TRG_COM_IRQHandler                  0x08000273   Thumb Code     0  startup_stm32l432xx.o(.text)
    TIM1_UP_TIM16_IRQHandler                 0x08000273   Thumb Code     0  startup_stm32l432xx.o(.text)
    TIM2_IRQHandler                          0x08000273   Thumb Code     0  startup_stm32l432xx.o(.text)
    TIM6_DAC_IRQHandler                      0x08000273   Thumb Code     0  startup_stm32l432xx.o(.text)
    TIM7_IRQHandler                          0x08000273   Thumb Code     0  startup_stm32l432xx.o(.text)
    TSC_IRQHandler                           0x08000273   Thumb Code     0  startup_stm32l432xx.o(.text)
    USART1_IRQHandler                        0x08000273   Thumb Code     0  startup_stm32l432xx.o(.text)
    USB_IRQHandler                           0x08000273   Thumb Code     0  startup_stm32l432xx.o(.text)
    WWDG_IRQHandler                          0x08000273   Thumb Code     0  startup_stm32l432xx.o(.text)
    __user_initial_stackheap                 0x08000275   Thumb Code     0  startup_stm32l432xx.o(.text)
    __aeabi_uldivmod                         0x08000299   Thumb Code     0  lludivv7m.o(.text)
    _ll_udiv                                 0x08000299   Thumb Code   240  lludivv7m.o(.text)
    __aeabi_memclr4                          0x08000389   Thumb Code     0  rt_memclr_w.o(.text)
    __aeabi_memclr8                          0x08000389   Thumb Code     0  rt_memclr_w.o(.text)
    __rt_memclr_w                            0x08000389   Thumb Code     0  rt_memclr_w.o(.text)
    _memset_w                                0x0800038d   Thumb Code    74  rt_memclr_w.o(.text)
    __use_two_region_memory                  0x080003d7   Thumb Code     2  heapauxi.o(.text)
    __rt_heap_escrow$2region                 0x080003d9   Thumb Code     2  heapauxi.o(.text)
    __rt_heap_expand$2region                 0x080003db   Thumb Code     2  heapauxi.o(.text)
    __read_errno                             0x080003dd   Thumb Code    10  _rserrno.o(.text)
    __set_errno                              0x080003e7   Thumb Code    12  _rserrno.o(.text)
    __aeabi_errno_addr                       0x080003f5   Thumb Code     8  rt_errno_addr_intlibspace.o(.text)
    __errno$intlibspace                      0x080003f5   Thumb Code     0  rt_errno_addr_intlibspace.o(.text)
    __rt_errno_addr$intlibspace              0x080003f5   Thumb Code     0  rt_errno_addr_intlibspace.o(.text)
    __user_libspace                          0x080003fd   Thumb Code     8  libspace.o(.text)
    __user_perproc_libspace                  0x080003fd   Thumb Code     0  libspace.o(.text)
    __user_perthread_libspace                0x080003fd   Thumb Code     0  libspace.o(.text)
    __user_setup_stackheap                   0x08000405   Thumb Code    74  sys_stackheap_outer.o(.text)
    exit                                     0x0800044f   Thumb Code    18  exit.o(.text)
    _sys_exit                                0x08000461   Thumb Code     8  sys_exit.o(.text)
    __I$use$semihosting                      0x0800046d   Thumb Code     0  use_no_semi.o(.text)
    __use_no_semihosting_swi                 0x0800046d   Thumb Code     2  use_no_semi.o(.text)
    __semihosting_library_function           0x0800046f   Thumb Code     0  indicate_semi.o(.text)
    BusFault_Handler                         0x08000471   Thumb Code     2  stm32l4xx_it.o(.text.BusFault_Handler)
    DMA1_Channel6_IRQHandler                 0x08000475   Thumb Code    12  stm32l4xx_it.o(.text.DMA1_Channel6_IRQHandler)
    DMA1_Channel7_IRQHandler                 0x08000481   Thumb Code    12  stm32l4xx_it.o(.text.DMA1_Channel7_IRQHandler)
    DebugMon_Handler                         0x0800048d   Thumb Code     2  stm32l4xx_it.o(.text.DebugMon_Handler)
    EXTI9_5_IRQHandler                       0x08000491   Thumb Code    72  main.o(.text.EXTI9_5_IRQHandler)
    Error_Handler                            0x080004d9   Thumb Code    10  main.o(.text.Error_Handler)
    HAL_DMA_Abort                            0x080004e5   Thumb Code    74  stm32l4xx_hal_dma.o(.text.HAL_DMA_Abort)
    HAL_DMA_Abort_IT                         0x08000531   Thumb Code    84  stm32l4xx_hal_dma.o(.text.HAL_DMA_Abort_IT)
    HAL_DMA_IRQHandler                       0x08000585   Thumb Code   170  stm32l4xx_hal_dma.o(.text.HAL_DMA_IRQHandler)
    HAL_DMA_Init                             0x08000631   Thumb Code   202  stm32l4xx_hal_dma.o(.text.HAL_DMA_Init)
    HAL_DMA_Start_IT                         0x080006fd   Thumb Code   168  stm32l4xx_hal_dma.o(.text.HAL_DMA_Start_IT)
    HAL_Delay                                0x080007a5   Thumb Code    40  stm32l4xx_hal.o(.text.HAL_Delay)
    HAL_GPIO_EXTI_Callback                   0x080007cd   Thumb Code     2  stm32l4xx_hal_gpio.o(.text.HAL_GPIO_EXTI_Callback)
    HAL_GPIO_EXTI_IRQHandler                 0x080007d1   Thumb Code    22  stm32l4xx_hal_gpio.o(.text.HAL_GPIO_EXTI_IRQHandler)
    HAL_GPIO_Init                            0x080007e9   Thumb Code   434  stm32l4xx_hal_gpio.o(.text.HAL_GPIO_Init)
    HAL_GPIO_WritePin                        0x080009a1   Thumb Code    12  stm32l4xx_hal_gpio.o(.text.HAL_GPIO_WritePin)
    HAL_GetTick                              0x080009ad   Thumb Code    12  stm32l4xx_hal.o(.text.HAL_GetTick)
    HAL_I2CEx_ConfigAnalogFilter             0x080009b9   Thumb Code    74  stm32l4xx_hal_i2c_ex.o(.text.HAL_I2CEx_ConfigAnalogFilter)
    HAL_I2CEx_ConfigDigitalFilter            0x08000a05   Thumb Code    72  stm32l4xx_hal_i2c_ex.o(.text.HAL_I2CEx_ConfigDigitalFilter)
    HAL_I2C_Init                             0x08000a4d   Thumb Code   176  stm32l4xx_hal_i2c.o(.text.HAL_I2C_Init)
    HAL_I2C_Mem_Read                         0x08000afd   Thumb Code   584  stm32l4xx_hal_i2c.o(.text.HAL_I2C_Mem_Read)
    HAL_I2C_Mem_Write                        0x08000d4d   Thumb Code   568  stm32l4xx_hal_i2c.o(.text.HAL_I2C_Mem_Write)
    HAL_I2C_MspInit                          0x08000f8d   Thumb Code   170  stm32l4xx_hal_msp.o(.text.HAL_I2C_MspInit)
    HAL_IncTick                              0x08001039   Thumb Code    26  stm32l4xx_hal.o(.text.HAL_IncTick)
    HAL_Init                                 0x08001055   Thumb Code    30  stm32l4xx_hal.o(.text.HAL_Init)
    HAL_InitTick                             0x08001075   Thumb Code    80  stm32l4xx_hal.o(.text.HAL_InitTick)
    HAL_MspInit                              0x080010c5   Thumb Code    50  stm32l4xx_hal_msp.o(.text.HAL_MspInit)
    HAL_NVIC_EnableIRQ                       0x080010f9   Thumb Code    34  stm32l4xx_hal_cortex.o(.text.HAL_NVIC_EnableIRQ)
    HAL_NVIC_SetPriority                     0x0800111d   Thumb Code    86  stm32l4xx_hal_cortex.o(.text.HAL_NVIC_SetPriority)
    HAL_NVIC_SetPriorityGrouping             0x08001175   Thumb Code    32  stm32l4xx_hal_cortex.o(.text.HAL_NVIC_SetPriorityGrouping)
    HAL_PWREx_ControlVoltageScaling          0x08001195   Thumb Code   140  stm32l4xx_hal_pwr_ex.o(.text.HAL_PWREx_ControlVoltageScaling)
    HAL_PWREx_GetVoltageRange                0x08001221   Thumb Code    16  stm32l4xx_hal_pwr_ex.o(.text.HAL_PWREx_GetVoltageRange)
    HAL_RCCEx_PeriphCLKConfig                0x08001231   Thumb Code   644  stm32l4xx_hal_rcc_ex.o(.text.HAL_RCCEx_PeriphCLKConfig)
    HAL_RCC_ClockConfig                      0x080014b5   Thumb Code   574  stm32l4xx_hal_rcc.o(.text.HAL_RCC_ClockConfig)
    HAL_RCC_GetPCLK1Freq                     0x080016f5   Thumb Code    42  stm32l4xx_hal_rcc.o(.text.HAL_RCC_GetPCLK1Freq)
    HAL_RCC_GetPCLK2Freq                     0x08001721   Thumb Code    42  stm32l4xx_hal_rcc.o(.text.HAL_RCC_GetPCLK2Freq)
    HAL_RCC_GetSysClockFreq                  0x0800174d   Thumb Code   198  stm32l4xx_hal_rcc.o(.text.HAL_RCC_GetSysClockFreq)
    HAL_RCC_OscConfig                        0x08001815   Thumb Code  2036  stm32l4xx_hal_rcc.o(.text.HAL_RCC_OscConfig)
    HAL_SYSTICK_Config                       0x08002009   Thumb Code    44  stm32l4xx_hal_cortex.o(.text.HAL_SYSTICK_Config)
    HAL_TIMEx_ConfigBreakDeadTime            0x08002035   Thumb Code   152  stm32l4xx_hal_tim_ex.o(.text.HAL_TIMEx_ConfigBreakDeadTime)
    HAL_TIMEx_MasterConfigSynchronization    0x080020cd   Thumb Code   108  stm32l4xx_hal_tim_ex.o(.text.HAL_TIMEx_MasterConfigSynchronization)
    HAL_TIM_MspPostInit                      0x08002139   Thumb Code    94  stm32l4xx_hal_msp.o(.text.HAL_TIM_MspPostInit)
    HAL_TIM_PWM_ConfigChannel                0x08002199   Thumb Code   948  stm32l4xx_hal_tim.o(.text.HAL_TIM_PWM_ConfigChannel)
    HAL_TIM_PWM_Init                         0x0800254d   Thumb Code   238  stm32l4xx_hal_tim.o(.text.HAL_TIM_PWM_Init)
    HAL_TIM_PWM_MspInit                      0x0800263d   Thumb Code    48  stm32l4xx_hal_msp.o(.text.HAL_TIM_PWM_MspInit)
    HAL_TIM_PWM_Start                        0x0800266d   Thumb Code   262  stm32l4xx_hal_tim.o(.text.HAL_TIM_PWM_Start)
    HAL_UARTEx_ReceiveToIdle_DMA             0x08002775   Thumb Code   152  stm32l4xx_hal_uart_ex.o(.text.HAL_UARTEx_ReceiveToIdle_DMA)
    HAL_UARTEx_RxEventCallback               0x0800280d   Thumb Code   146  main.o(.text.HAL_UARTEx_RxEventCallback)
    HAL_UARTEx_WakeupCallback                0x080028a1   Thumb Code     2  stm32l4xx_hal_uart_ex.o(.text.HAL_UARTEx_WakeupCallback)
    HAL_UART_ErrorCallback                   0x080028a5   Thumb Code    80  main.o(.text.HAL_UART_ErrorCallback)
    HAL_UART_IRQHandler                      0x080028f5   Thumb Code  1532  stm32l4xx_hal_uart.o(.text.HAL_UART_IRQHandler)
    HAL_UART_Init                            0x08002ef1   Thumb Code    96  stm32l4xx_hal_uart.o(.text.HAL_UART_Init)
    HAL_UART_MspInit                         0x08002f51   Thumb Code   390  stm32l4xx_hal_msp.o(.text.HAL_UART_MspInit)
    HAL_UART_Receive                         0x080030d9   Thumb Code   254  stm32l4xx_hal_uart.o(.text.HAL_UART_Receive)
    HAL_UART_RxCpltCallback                  0x080031d9   Thumb Code     2  stm32l4xx_hal_uart.o(.text.HAL_UART_RxCpltCallback)
    HAL_UART_RxHalfCpltCallback              0x080031dd   Thumb Code     2  stm32l4xx_hal_uart.o(.text.HAL_UART_RxHalfCpltCallback)
    HAL_UART_Transmit                        0x080031e1   Thumb Code   412  stm32l4xx_hal_uart.o(.text.HAL_UART_Transmit)
    HAL_UART_Transmit_DMA                    0x0800337d   Thumb Code   228  stm32l4xx_hal_uart.o(.text.HAL_UART_Transmit_DMA)
    HAL_UART_TxCpltCallback                  0x08003461   Thumb Code    30  main.o(.text.HAL_UART_TxCpltCallback)
    HAL_UART_TxHalfCpltCallback              0x08003481   Thumb Code     2  stm32l4xx_hal_uart.o(.text.HAL_UART_TxHalfCpltCallback)
    HardFault_Handler                        0x08003485   Thumb Code     2  stm32l4xx_it.o(.text.HardFault_Handler)
    MemManage_Handler                        0x080037dd   Thumb Code     2  stm32l4xx_it.o(.text.MemManage_Handler)
    NMI_Handler                              0x080037e1   Thumb Code     2  stm32l4xx_it.o(.text.NMI_Handler)
    PendSV_Handler                           0x080037e5   Thumb Code     2  stm32l4xx_it.o(.text.PendSV_Handler)
    SVC_Handler                              0x08003931   Thumb Code     2  stm32l4xx_it.o(.text.SVC_Handler)
    SerialServoMove                          0x08003935   Thumb Code   106  bus_servo_driver.o(.text.SerialServoMove)
    SerialServoReadPosition                  0x080039a1   Thumb Code   208  bus_servo_driver.o(.text.SerialServoReadPosition)
    SysTick_Handler                          0x08003a71   Thumb Code     4  stm32l4xx_it.o(.text.SysTick_Handler)
    SystemInit                               0x08003a75   Thumb Code    18  system_stm32l4xx.o(.text.SystemInit)
    UART_AdvFeatureConfig                    0x08003a89   Thumb Code   230  stm32l4xx_hal_uart.o(.text.UART_AdvFeatureConfig)
    UART_CheckIdleState                      0x08003b71   Thumb Code   360  stm32l4xx_hal_uart.o(.text.UART_CheckIdleState)
    UART_SetConfig                           0x080040a5   Thumb Code   496  stm32l4xx_hal_uart.o(.text.UART_SetConfig)
    UART_Start_Receive_DMA                   0x080042a5   Thumb Code   326  stm32l4xx_hal_uart.o(.text.UART_Start_Receive_DMA)
    UART_WaitOnFlagUntilTimeout              0x080043ed   Thumb Code   832  stm32l4xx_hal_uart.o(.text.UART_WaitOnFlagUntilTimeout)
    USART2_IRQHandler                        0x0800472d   Thumb Code    12  stm32l4xx_it.o(.text.USART2_IRQHandler)
    UsageFault_Handler                       0x08004739   Thumb Code     2  stm32l4xx_it.o(.text.UsageFault_Handler)
    VL53L1X_ClearInterrupt                   0x0800473d   Thumb Code     8  vl53l1x_api.o(.text.VL53L1X_ClearInterrupt)
    VL53L1X_GetDistance                      0x08004745   Thumb Code    26  vl53l1x_api.o(.text.VL53L1X_GetDistance)
    VL53L1X_GetRangeStatus                   0x08004761   Thumb Code    48  vl53l1x_api.o(.text.VL53L1X_GetRangeStatus)
    VL53L1X_SensorInit                       0x08004791   Thumb Code   226  vl53l1x_api.o(.text.VL53L1X_SensorInit)
    VL53L1X_SetDistanceMode                  0x08004879   Thumb Code   314  vl53l1x_api.o(.text.VL53L1X_SetDistanceMode)
    VL53L1X_SetTimingBudgetInMs              0x080049b5   Thumb Code   284  vl53l1x_api.o(.text.VL53L1X_SetTimingBudgetInMs)
    VL53L1X_StartRanging                     0x08004ad1   Thumb Code     8  vl53l1x_api.o(.text.VL53L1X_StartRanging)
    VL53L1_RdByte                            0x08004ad9   Thumb Code    56  vl53l1_platform.o(.text.VL53L1_RdByte)
    VL53L1_RdWord                            0x08004b11   Thumb Code    68  vl53l1_platform.o(.text.VL53L1_RdWord)
    VL53L1_ReadMulti                         0x08004b55   Thumb Code    56  vl53l1_platform.o(.text.VL53L1_ReadMulti)
    VL53L1_WaitMs                            0x08004b8d   Thumb Code     6  vl53l1_platform.o(.text.VL53L1_WaitMs)
    VL53L1_WrByte                            0x08004b95   Thumb Code    62  vl53l1_platform.o(.text.VL53L1_WrByte)
    VL53L1_WrDWord                           0x08004bd5   Thumb Code    60  vl53l1_platform.o(.text.VL53L1_WrDWord)
    VL53L1_WrWord                            0x08004c11   Thumb Code    64  vl53l1_platform.o(.text.VL53L1_WrWord)
    VL53L1__Init                             0x08004c51   Thumb Code   576  vl53l1x_api.o(.text.VL53L1__Init)
    inverse_kinematic                        0x08004ed1   Thumb Code   880  kinematic.o(.text.inverse_kinematic)
    main                                     0x08005289   Thumb Code  2532  main.o(.text.main)
    to_folded_position                       0x08005ca1   Thumb Code   388  main.o(.text.to_folded_position)
    to_home_position                         0x08005e29   Thumb Code   400  main.o(.text.to_home_position)
    to_moving_position                       0x08005fbd   Thumb Code   464  main.o(.text.to_moving_position)
    to_ready_position                        0x08006191   Thumb Code   400  main.o(.text.to_ready_position)
    vl53l1x_assignI2C                        0x08006325   Thumb Code    12  vl53l1_platform.o(.text.vl53l1x_assignI2C)
    __ARM_fpclassifyf                        0x08006331   Thumb Code    38  fpclassifyf.o(i.__ARM_fpclassifyf)
    __hardfp_atan2f                          0x08006359   Thumb Code   594  atan2f.o(i.__hardfp_atan2f)
    __hardfp_cosf                            0x08006605   Thumb Code   280  cosf.o(i.__hardfp_cosf)
    __hardfp_sinf                            0x08006755   Thumb Code   344  sinf.o(i.__hardfp_sinf)
    __mathlib_flt_infnan                     0x080068e5   Thumb Code     6  funder.o(i.__mathlib_flt_infnan)
    __mathlib_flt_infnan2                    0x080068eb   Thumb Code     6  funder.o(i.__mathlib_flt_infnan2)
    __mathlib_flt_invalid                    0x080068f1   Thumb Code    10  funder.o(i.__mathlib_flt_invalid)
    __mathlib_flt_underflow                  0x08006901   Thumb Code    10  funder.o(i.__mathlib_flt_underflow)
    __mathlib_rredf2                         0x08006911   Thumb Code   316  rredf.o(i.__mathlib_rredf2)
    __aeabi_ddiv                             0x08006a65   Thumb Code     0  ddiv.o(x$fpl$ddiv)
    _ddiv                                    0x08006a65   Thumb Code   560  ddiv.o(x$fpl$ddiv)
    __aeabi_d2iz                             0x08006d1d   Thumb Code     0  dfix.o(x$fpl$dfix)
    _dfix                                    0x08006d1d   Thumb Code    94  dfix.o(x$fpl$dfix)
    __aeabi_d2uiz                            0x08006d7d   Thumb Code     0  dfixu.o(x$fpl$dfixu)
    _dfixu                                   0x08006d7d   Thumb Code    90  dfixu.o(x$fpl$dfixu)
    __aeabi_ui2d                             0x08006dd7   Thumb Code     0  dflt_clz.o(x$fpl$dfltu)
    _dfltu                                   0x08006dd7   Thumb Code    38  dflt_clz.o(x$fpl$dfltu)
    __aeabi_dmul                             0x08006dfd   Thumb Code     0  dmul.o(x$fpl$dmul)
    _dmul                                    0x08006dfd   Thumb Code   332  dmul.o(x$fpl$dmul)
    __fpl_dnaninf                            0x08006f51   Thumb Code   156  dnaninf.o(x$fpl$dnaninf)
    __fpl_dretinf                            0x08006fed   Thumb Code    12  dretinf.o(x$fpl$dretinf)
    __aeabi_f2d                              0x08006ff9   Thumb Code     0  f2d.o(x$fpl$f2d)
    _f2d                                     0x08006ff9   Thumb Code    86  f2d.o(x$fpl$f2d)
    __fpl_fnaninf                            0x0800704f   Thumb Code   140  fnaninf.o(x$fpl$fnaninf)
    _fp_init                                 0x080070db   Thumb Code    26  fpinit.o(x$fpl$fpinit)
    __fplib_config_fpu_vfp                   0x080070f3   Thumb Code     0  fpinit.o(x$fpl$fpinit)
    __fplib_config_pureend_doubles           0x080070f3   Thumb Code     0  fpinit.o(x$fpl$fpinit)
    __I$use$fp                               0x080070f4   Number         0  usenofp.o(x$fpl$usenofp)
    AHBPrescTable                            0x08007114   Data          16  system_stm32l4xx.o(.rodata.AHBPrescTable)
    APBPrescTable                            0x08007124   Data           8  system_stm32l4xx.o(.rodata.APBPrescTable)
    MSIRangeTable                            0x0800712c   Data          48  system_stm32l4xx.o(.rodata.MSIRangeTable)
    VL51L1X_DEFAULT_CONFIGURATION            0x0800715c   Data          91  vl53l1x_api.o(.rodata.VL51L1X_DEFAULT_CONFIGURATION)
    Region$$Table$$Base                      0x080071e0   Number         0  anon$$obj.o(Region$$Table)
    Region$$Table$$Limit                     0x08007200   Number         0  anon$$obj.o(Region$$Table)
    required_action                          0x20000000   Data           1  main.o(.data..L_MergedGlobals)
    ready_status                             0x20000001   Data           1  main.o(.data..L_MergedGlobals)
    uwTickFreq                               0x20000004   Data           1  stm32l4xx_hal.o(.data..L_MergedGlobals)
    uwTickPrio                               0x20000008   Data           4  stm32l4xx_hal.o(.data..L_MergedGlobals)
    SystemCoreClock                          0x2000000c   Data           4  system_stm32l4xx.o(.data.SystemCoreClock)
    __libspace_start                         0x20000010   Data          96  libspace.o(.bss)
    __temporary_stack_top$libspace           0x20000070   Data           0  libspace.o(.bss)
    read_joints_status                       0x20000070   Data           1  main.o(.bss..L_MergedGlobals.4)
    status                                   0x20000071   Data           1  main.o(.bss..L_MergedGlobals.4)
    range_status                             0x20000072   Data           1  main.o(.bss..L_MergedGlobals.4)
    distance_updated                         0x20000073   Data           1  main.o(.bss..L_MergedGlobals.4)
    request_reset                            0x20000074   Data           1  main.o(.bss..L_MergedGlobals.4)
    read_joint_cnt                           0x20000075   Data           1  main.o(.bss..L_MergedGlobals.4)
    read_distance_cnt                        0x20000076   Data           1  main.o(.bss..L_MergedGlobals.4)
    pos1                                     0x2000007a   Data           2  main.o(.bss..L_MergedGlobals.4)
    pos2                                     0x2000007c   Data           2  main.o(.bss..L_MergedGlobals.4)
    pos3                                     0x2000007e   Data           2  main.o(.bss..L_MergedGlobals.4)
    pos4                                     0x20000080   Data           2  main.o(.bss..L_MergedGlobals.4)
    measured_distance                        0x20000082   Data           2  main.o(.bss..L_MergedGlobals.4)
    retry                                    0x20000084   Data           2  main.o(.bss..L_MergedGlobals.4)
    received_data_from_rasp                  0x20000086   Data           2  main.o(.bss..L_MergedGlobals.4)
    theta_1                                  0x20000088   Data           4  main.o(.bss..L_MergedGlobals.4)
    theta_2                                  0x2000008c   Data           4  main.o(.bss..L_MergedGlobals.4)
    theta_3                                  0x20000090   Data           4  main.o(.bss..L_MergedGlobals.4)
    theta_4                                  0x20000094   Data           4  main.o(.bss..L_MergedGlobals.4)
    x_target                                 0x20000098   Data           4  main.o(.bss..L_MergedGlobals.4)
    y_target                                 0x2000009c   Data           4  main.o(.bss..L_MergedGlobals.4)
    z_target                                 0x200000a0   Data           4  main.o(.bss..L_MergedGlobals.4)
    destination_angle                        0x200000b0   Data          28  main.o(.bss..L_MergedGlobals.4)
    hdma_usart2_rx                           0x200000d0   Data          72  main.o(.bss.hdma_usart2_rx)
    hdma_usart2_tx                           0x20000118   Data          72  main.o(.bss.hdma_usart2_tx)
    hi2c1                                    0x20000160   Data          84  main.o(.bss.hi2c1)
    htim1                                    0x200001b4   Data          76  main.o(.bss.htim1)
    huart1                                   0x20000200   Data         136  main.o(.bss.huart1)
    huart2                                   0x20000288   Data         136  main.o(.bss.huart2)
    uart_rasp_done_flag                      0x20000310   Data           1  main.o(.bss.uart_rasp_done_flag)
    uwTick                                   0x20000314   Data           4  stm32l4xx_hal.o(.bss.uwTick)



==============================================================================

Memory Map of the image

  Image Entry point : 0x0800018d

  Load Region LR_IROM1 (Base: 0x08000000, Size: 0x00007210, Max: 0x00040000, ABSOLUTE)

    Execution Region ER_IROM1 (Exec base: 0x08000000, Load base: 0x08000000, Size: 0x00007200, Max: 0x00040000, ABSOLUTE)

    Exec Addr    Load Addr    Size         Type   Attr      Idx    E Section Name        Object

    0x08000000   0x08000000   0x0000018c   Data   RO            3    RESET               startup_stm32l432xx.o
    0x0800018c   0x0800018c   0x00000008   Code   RO         1522  * !!!main             c_w.l(__main.o)
    0x08000194   0x08000194   0x0000005c   Code   RO         1780    !!!scatter          c_w.l(__scatter.o)
    0x080001f0   0x080001f0   0x0000001a   Code   RO         1784    !!handler_copy      c_w.l(__scatter_copy.o)
    0x0800020a   0x0800020a   0x00000002   PAD
    0x0800020c   0x0800020c   0x00000002   Code   RO         1781    !!handler_null      c_w.l(__scatter.o)
    0x0800020e   0x0800020e   0x00000002   PAD
    0x08000210   0x08000210   0x0000001c   Code   RO         1786    !!handler_zi        c_w.l(__scatter_zi.o)
    0x0800022c   0x0800022c   0x00000002   Code   RO         1645    .ARM.Collect$$libinit$$00000000  c_w.l(libinit.o)
    0x0800022e   0x0800022e   0x00000004   Code   RO         1654    .ARM.Collect$$libinit$$00000001  c_w.l(libinit2.o)
    0x08000232   0x08000232   0x00000000   Code   RO         1657    .ARM.Collect$$libinit$$00000004  c_w.l(libinit2.o)
    0x08000232   0x08000232   0x00000000   Code   RO         1659    .ARM.Collect$$libinit$$00000006  c_w.l(libinit2.o)
    0x08000232   0x08000232   0x00000000   Code   RO         1662    .ARM.Collect$$libinit$$0000000C  c_w.l(libinit2.o)
    0x08000232   0x08000232   0x00000000   Code   RO         1664    .ARM.Collect$$libinit$$0000000E  c_w.l(libinit2.o)
    0x08000232   0x08000232   0x00000000   Code   RO         1666    .ARM.Collect$$libinit$$00000010  c_w.l(libinit2.o)
    0x08000232   0x08000232   0x00000000   Code   RO         1669    .ARM.Collect$$libinit$$00000013  c_w.l(libinit2.o)
    0x08000232   0x08000232   0x00000000   Code   RO         1671    .ARM.Collect$$libinit$$00000015  c_w.l(libinit2.o)
    0x08000232   0x08000232   0x00000000   Code   RO         1673    .ARM.Collect$$libinit$$00000017  c_w.l(libinit2.o)
    0x08000232   0x08000232   0x00000000   Code   RO         1675    .ARM.Collect$$libinit$$00000019  c_w.l(libinit2.o)
    0x08000232   0x08000232   0x00000000   Code   RO         1677    .ARM.Collect$$libinit$$0000001B  c_w.l(libinit2.o)
    0x08000232   0x08000232   0x00000000   Code   RO         1679    .ARM.Collect$$libinit$$0000001D  c_w.l(libinit2.o)
    0x08000232   0x08000232   0x00000000   Code   RO         1681    .ARM.Collect$$libinit$$0000001F  c_w.l(libinit2.o)
    0x08000232   0x08000232   0x00000000   Code   RO         1683    .ARM.Collect$$libinit$$00000021  c_w.l(libinit2.o)
    0x08000232   0x08000232   0x00000000   Code   RO         1685    .ARM.Collect$$libinit$$00000023  c_w.l(libinit2.o)
    0x08000232   0x08000232   0x00000000   Code   RO         1687    .ARM.Collect$$libinit$$00000025  c_w.l(libinit2.o)
    0x08000232   0x08000232   0x00000000   Code   RO         1689    .ARM.Collect$$libinit$$00000027  c_w.l(libinit2.o)
    0x08000232   0x08000232   0x00000000   Code   RO         1693    .ARM.Collect$$libinit$$0000002E  c_w.l(libinit2.o)
    0x08000232   0x08000232   0x00000000   Code   RO         1695    .ARM.Collect$$libinit$$00000030  c_w.l(libinit2.o)
    0x08000232   0x08000232   0x00000000   Code   RO         1697    .ARM.Collect$$libinit$$00000032  c_w.l(libinit2.o)
    0x08000232   0x08000232   0x00000000   Code   RO         1699    .ARM.Collect$$libinit$$00000034  c_w.l(libinit2.o)
    0x08000232   0x08000232   0x00000002   Code   RO         1700    .ARM.Collect$$libinit$$00000035  c_w.l(libinit2.o)
    0x08000234   0x08000234   0x00000002   Code   RO         1735    .ARM.Collect$$libshutdown$$00000000  c_w.l(libshutdown.o)
    0x08000236   0x08000236   0x00000000   Code   RO         1763    .ARM.Collect$$libshutdown$$00000002  c_w.l(libshutdown2.o)
    0x08000236   0x08000236   0x00000000   Code   RO         1765    .ARM.Collect$$libshutdown$$00000004  c_w.l(libshutdown2.o)
    0x08000236   0x08000236   0x00000000   Code   RO         1768    .ARM.Collect$$libshutdown$$00000007  c_w.l(libshutdown2.o)
    0x08000236   0x08000236   0x00000000   Code   RO         1771    .ARM.Collect$$libshutdown$$0000000A  c_w.l(libshutdown2.o)
    0x08000236   0x08000236   0x00000000   Code   RO         1773    .ARM.Collect$$libshutdown$$0000000C  c_w.l(libshutdown2.o)
    0x08000236   0x08000236   0x00000000   Code   RO         1776    .ARM.Collect$$libshutdown$$0000000F  c_w.l(libshutdown2.o)
    0x08000236   0x08000236   0x00000002   Code   RO         1777    .ARM.Collect$$libshutdown$$00000010  c_w.l(libshutdown2.o)
    0x08000238   0x08000238   0x00000000   Code   RO         1572    .ARM.Collect$$rtentry$$00000000  c_w.l(__rtentry.o)
    0x08000238   0x08000238   0x00000000   Code   RO         1608    .ARM.Collect$$rtentry$$00000002  c_w.l(__rtentry2.o)
    0x08000238   0x08000238   0x00000006   Code   RO         1620    .ARM.Collect$$rtentry$$00000004  c_w.l(__rtentry4.o)
    0x0800023e   0x0800023e   0x00000000   Code   RO         1610    .ARM.Collect$$rtentry$$00000009  c_w.l(__rtentry2.o)
    0x0800023e   0x0800023e   0x00000004   Code   RO         1611    .ARM.Collect$$rtentry$$0000000A  c_w.l(__rtentry2.o)
    0x08000242   0x08000242   0x00000000   Code   RO         1613    .ARM.Collect$$rtentry$$0000000C  c_w.l(__rtentry2.o)
    0x08000242   0x08000242   0x00000008   Code   RO         1614    .ARM.Collect$$rtentry$$0000000D  c_w.l(__rtentry2.o)
    0x0800024a   0x0800024a   0x00000002   Code   RO         1646    .ARM.Collect$$rtexit$$00000000  c_w.l(rtexit.o)
    0x0800024c   0x0800024c   0x00000000   Code   RO         1706    .ARM.Collect$$rtexit$$00000002  c_w.l(rtexit2.o)
    0x0800024c   0x0800024c   0x00000004   Code   RO         1707    .ARM.Collect$$rtexit$$00000003  c_w.l(rtexit2.o)
    0x08000250   0x08000250   0x00000006   Code   RO         1708    .ARM.Collect$$rtexit$$00000004  c_w.l(rtexit2.o)
    0x08000256   0x08000256   0x00000002   PAD
    0x08000258   0x08000258   0x00000040   Code   RO            4    .text               startup_stm32l432xx.o
    0x08000298   0x08000298   0x000000f0   Code   RO         1516    .text               c_w.l(lludivv7m.o)
    0x08000388   0x08000388   0x0000004e   Code   RO         1518    .text               c_w.l(rt_memclr_w.o)
    0x080003d6   0x080003d6   0x00000006   Code   RO         1520    .text               c_w.l(heapauxi.o)
    0x080003dc   0x080003dc   0x00000016   Code   RO         1577    .text               c_w.l(_rserrno.o)
    0x080003f2   0x080003f2   0x00000002   PAD
    0x080003f4   0x080003f4   0x00000008   Code   RO         1627    .text               c_w.l(rt_errno_addr_intlibspace.o)
    0x080003fc   0x080003fc   0x00000008   Code   RO         1629    .text               c_w.l(libspace.o)
    0x08000404   0x08000404   0x0000004a   Code   RO         1632    .text               c_w.l(sys_stackheap_outer.o)
    0x0800044e   0x0800044e   0x00000012   Code   RO         1634    .text               c_w.l(exit.o)
    0x08000460   0x08000460   0x0000000c   Code   RO         1701    .text               c_w.l(sys_exit.o)
    0x0800046c   0x0800046c   0x00000002   Code   RO         1724    .text               c_w.l(use_no_semi.o)
    0x0800046e   0x0800046e   0x00000000   Code   RO         1726    .text               c_w.l(indicate_semi.o)
    0x0800046e   0x0800046e   0x00000002   PAD
    0x08000470   0x08000470   0x00000002   Code   RO          293    .text.BusFault_Handler  stm32l4xx_it.o
    0x08000472   0x08000472   0x00000002   PAD
    0x08000474   0x08000474   0x0000000c   Code   RO          305    .text.DMA1_Channel6_IRQHandler  stm32l4xx_it.o
    0x08000480   0x08000480   0x0000000c   Code   RO          307    .text.DMA1_Channel7_IRQHandler  stm32l4xx_it.o
    0x0800048c   0x0800048c   0x00000002   Code   RO          299    .text.DebugMon_Handler  stm32l4xx_it.o
    0x0800048e   0x0800048e   0x00000002   PAD
    0x08000490   0x08000490   0x00000048   Code   RO          252    .text.EXTI9_5_IRQHandler  main.o
    0x080004d8   0x080004d8   0x0000000a   Code   RO          250    .text.Error_Handler  main.o
    0x080004e2   0x080004e2   0x00000002   PAD
    0x080004e4   0x080004e4   0x0000004a   Code   RO          778    .text.HAL_DMA_Abort  stm32l4xx_hal_dma.o
    0x0800052e   0x0800052e   0x00000002   PAD
    0x08000530   0x08000530   0x00000054   Code   RO          780    .text.HAL_DMA_Abort_IT  stm32l4xx_hal_dma.o
    0x08000584   0x08000584   0x000000aa   Code   RO          784    .text.HAL_DMA_IRQHandler  stm32l4xx_hal_dma.o
    0x0800062e   0x0800062e   0x00000002   PAD
    0x08000630   0x08000630   0x000000ca   Code   RO          770    .text.HAL_DMA_Init  stm32l4xx_hal_dma.o
    0x080006fa   0x080006fa   0x00000002   PAD
    0x080006fc   0x080006fc   0x000000a8   Code   RO          776    .text.HAL_DMA_Start_IT  stm32l4xx_hal_dma.o
    0x080007a4   0x080007a4   0x00000028   Code   RO          536    .text.HAL_Delay     stm32l4xx_hal.o
    0x080007cc   0x080007cc   0x00000002   Code   RO          760    .text.HAL_GPIO_EXTI_Callback  stm32l4xx_hal_gpio.o
    0x080007ce   0x080007ce   0x00000002   PAD
    0x080007d0   0x080007d0   0x00000016   Code   RO          758    .text.HAL_GPIO_EXTI_IRQHandler  stm32l4xx_hal_gpio.o
    0x080007e6   0x080007e6   0x00000002   PAD
    0x080007e8   0x080007e8   0x000001b8   Code   RO          746    .text.HAL_GPIO_Init  stm32l4xx_hal_gpio.o
    0x080009a0   0x080009a0   0x0000000c   Code   RO          752    .text.HAL_GPIO_WritePin  stm32l4xx_hal_gpio.o
    0x080009ac   0x080009ac   0x0000000c   Code   RO          528    .text.HAL_GetTick   stm32l4xx_hal.o
    0x080009b8   0x080009b8   0x0000004a   Code   RO          496    .text.HAL_I2CEx_ConfigAnalogFilter  stm32l4xx_hal_i2c_ex.o
    0x08000a02   0x08000a02   0x00000002   PAD
    0x08000a04   0x08000a04   0x00000048   Code   RO          498    .text.HAL_I2CEx_ConfigDigitalFilter  stm32l4xx_hal_i2c_ex.o
    0x08000a4c   0x08000a4c   0x000000b0   Code   RO          342    .text.HAL_I2C_Init  stm32l4xx_hal_i2c.o
    0x08000afc   0x08000afc   0x0000024e   Code   RO          402    .text.HAL_I2C_Mem_Read  stm32l4xx_hal_i2c.o
    0x08000d4a   0x08000d4a   0x00000002   PAD
    0x08000d4c   0x08000d4c   0x0000023e   Code   RO          400    .text.HAL_I2C_Mem_Write  stm32l4xx_hal_i2c.o
    0x08000f8a   0x08000f8a   0x00000002   PAD
    0x08000f8c   0x08000f8c   0x000000aa   Code   RO          320    .text.HAL_I2C_MspInit  stm32l4xx_hal_msp.o
    0x08001036   0x08001036   0x00000002   PAD
    0x08001038   0x08001038   0x0000001a   Code   RO          526    .text.HAL_IncTick   stm32l4xx_hal.o
    0x08001052   0x08001052   0x00000002   PAD
    0x08001054   0x08001054   0x0000001e   Code   RO          516    .text.HAL_Init      stm32l4xx_hal.o
    0x08001072   0x08001072   0x00000002   PAD
    0x08001074   0x08001074   0x00000050   Code   RO          518    .text.HAL_InitTick  stm32l4xx_hal.o
    0x080010c4   0x080010c4   0x00000032   Code   RO          318    .text.HAL_MspInit   stm32l4xx_hal_msp.o
    0x080010f6   0x080010f6   0x00000002   PAD
    0x080010f8   0x080010f8   0x00000022   Code   RO          923    .text.HAL_NVIC_EnableIRQ  stm32l4xx_hal_cortex.o
    0x0800111a   0x0800111a   0x00000002   PAD
    0x0800111c   0x0800111c   0x00000056   Code   RO          921    .text.HAL_NVIC_SetPriority  stm32l4xx_hal_cortex.o
    0x08001172   0x08001172   0x00000002   PAD
    0x08001174   0x08001174   0x00000020   Code   RO          919    .text.HAL_NVIC_SetPriorityGrouping  stm32l4xx_hal_cortex.o
    0x08001194   0x08001194   0x0000008c   Code   RO          845    .text.HAL_PWREx_ControlVoltageScaling  stm32l4xx_hal_pwr_ex.o
    0x08001220   0x08001220   0x00000010   Code   RO          843    .text.HAL_PWREx_GetVoltageRange  stm32l4xx_hal_pwr_ex.o
    0x08001230   0x08001230   0x00000284   Code   RO          622    .text.HAL_RCCEx_PeriphCLKConfig  stm32l4xx_hal_rcc_ex.o
    0x080014b4   0x080014b4   0x0000023e   Code   RO          592    .text.HAL_RCC_ClockConfig  stm32l4xx_hal_rcc.o
    0x080016f2   0x080016f2   0x00000002   PAD
    0x080016f4   0x080016f4   0x0000002a   Code   RO          598    .text.HAL_RCC_GetPCLK1Freq  stm32l4xx_hal_rcc.o
    0x0800171e   0x0800171e   0x00000002   PAD
    0x08001720   0x08001720   0x0000002a   Code   RO          600    .text.HAL_RCC_GetPCLK2Freq  stm32l4xx_hal_rcc.o
    0x0800174a   0x0800174a   0x00000002   PAD
    0x0800174c   0x0800174c   0x000000c6   Code   RO          590    .text.HAL_RCC_GetSysClockFreq  stm32l4xx_hal_rcc.o
    0x08001812   0x08001812   0x00000002   PAD
    0x08001814   0x08001814   0x000007f4   Code   RO          588    .text.HAL_RCC_OscConfig  stm32l4xx_hal_rcc.o
    0x08002008   0x08002008   0x0000002c   Code   RO          931    .text.HAL_SYSTICK_Config  stm32l4xx_hal_cortex.o
    0x08002034   0x08002034   0x00000098   Code   RO         1304    .text.HAL_TIMEx_ConfigBreakDeadTime  stm32l4xx_hal_tim_ex.o
    0x080020cc   0x080020cc   0x0000006c   Code   RO         1302    .text.HAL_TIMEx_MasterConfigSynchronization  stm32l4xx_hal_tim_ex.o
    0x08002138   0x08002138   0x0000005e   Code   RO          326    .text.HAL_TIM_MspPostInit  stm32l4xx_hal_msp.o
    0x08002196   0x08002196   0x00000002   PAD
    0x08002198   0x08002198   0x000003b4   Code   RO         1161    .text.HAL_TIM_PWM_ConfigChannel  stm32l4xx_hal_tim.o
    0x0800254c   0x0800254c   0x000000ee   Code   RO         1061    .text.HAL_TIM_PWM_Init  stm32l4xx_hal_tim.o
    0x0800263a   0x0800263a   0x00000002   PAD
    0x0800263c   0x0800263c   0x00000030   Code   RO          324    .text.HAL_TIM_PWM_MspInit  stm32l4xx_hal_msp.o
    0x0800266c   0x0800266c   0x00000106   Code   RO         1069    .text.HAL_TIM_PWM_Start  stm32l4xx_hal_tim.o
    0x08002772   0x08002772   0x00000002   PAD
    0x08002774   0x08002774   0x00000098   Code   RO         1487    .text.HAL_UARTEx_ReceiveToIdle_DMA  stm32l4xx_hal_uart_ex.o
    0x0800280c   0x0800280c   0x00000092   Code   RO          254    .text.HAL_UARTEx_RxEventCallback  main.o
    0x0800289e   0x0800289e   0x00000002   PAD
    0x080028a0   0x080028a0   0x00000002   Code   RO         1469    .text.HAL_UARTEx_WakeupCallback  stm32l4xx_hal_uart_ex.o
    0x080028a2   0x080028a2   0x00000002   PAD
    0x080028a4   0x080028a4   0x00000050   Code   RO          256    .text.HAL_UART_ErrorCallback  main.o
    0x080028f4   0x080028f4   0x000005fc   Code   RO         1412    .text.HAL_UART_IRQHandler  stm32l4xx_hal_uart.o
    0x08002ef0   0x08002ef0   0x00000060   Code   RO         1332    .text.HAL_UART_Init  stm32l4xx_hal_uart.o
    0x08002f50   0x08002f50   0x00000186   Code   RO          330    .text.HAL_UART_MspInit  stm32l4xx_hal_msp.o
    0x080030d6   0x080030d6   0x00000002   PAD
    0x080030d8   0x080030d8   0x000000fe   Code   RO         1356    .text.HAL_UART_Receive  stm32l4xx_hal_uart.o
    0x080031d6   0x080031d6   0x00000002   PAD
    0x080031d8   0x080031d8   0x00000002   Code   RO         1424    .text.HAL_UART_RxCpltCallback  stm32l4xx_hal_uart.o
    0x080031da   0x080031da   0x00000002   PAD
    0x080031dc   0x080031dc   0x00000002   Code   RO         1426    .text.HAL_UART_RxHalfCpltCallback  stm32l4xx_hal_uart.o
    0x080031de   0x080031de   0x00000002   PAD
    0x080031e0   0x080031e0   0x0000019c   Code   RO         1352    .text.HAL_UART_Transmit  stm32l4xx_hal_uart.o
    0x0800337c   0x0800337c   0x000000e4   Code   RO         1368    .text.HAL_UART_Transmit_DMA  stm32l4xx_hal_uart.o
    0x08003460   0x08003460   0x0000001e   Code   RO          258    .text.HAL_UART_TxCpltCallback  main.o
    0x0800347e   0x0800347e   0x00000002   PAD
    0x08003480   0x08003480   0x00000002   Code   RO         1422    .text.HAL_UART_TxHalfCpltCallback  stm32l4xx_hal_uart.o
    0x08003482   0x08003482   0x00000002   PAD
    0x08003484   0x08003484   0x00000002   Code   RO          289    .text.HardFault_Handler  stm32l4xx_it.o
    0x08003486   0x08003486   0x00000002   PAD
    0x08003488   0x08003488   0x0000015c   Code   RO          486    .text.I2C_IsErrorOccurred  stm32l4xx_hal_i2c.o
    0x080035e4   0x080035e4   0x000000e4   Code   RO          352    .text.I2C_WaitOnFlagUntilTimeout  stm32l4xx_hal_i2c.o
    0x080036c8   0x080036c8   0x0000007c   Code   RO          356    .text.I2C_WaitOnSTOPFlagUntilTimeout  stm32l4xx_hal_i2c.o
    0x08003744   0x08003744   0x00000098   Code   RO          354    .text.I2C_WaitOnTXISFlagUntilTimeout  stm32l4xx_hal_i2c.o
    0x080037dc   0x080037dc   0x00000002   Code   RO          291    .text.MemManage_Handler  stm32l4xx_it.o
    0x080037de   0x080037de   0x00000002   PAD
    0x080037e0   0x080037e0   0x00000002   Code   RO          287    .text.NMI_Handler   stm32l4xx_it.o
    0x080037e2   0x080037e2   0x00000002   PAD
    0x080037e4   0x080037e4   0x00000002   Code   RO          301    .text.PendSV_Handler  stm32l4xx_it.o
    0x080037e6   0x080037e6   0x00000002   PAD
    0x080037e8   0x080037e8   0x00000148   Code   RO          624    .text.RCCEx_PLLSAI1_Config  stm32l4xx_hal_rcc_ex.o
    0x08003930   0x08003930   0x00000002   Code   RO          297    .text.SVC_Handler   stm32l4xx_it.o
    0x08003932   0x08003932   0x00000002   PAD
    0x08003934   0x08003934   0x0000006a   Code   RO           15    .text.SerialServoMove  bus_servo_driver.o
    0x0800399e   0x0800399e   0x00000002   PAD
    0x080039a0   0x080039a0   0x000000d0   Code   RO           19    .text.SerialServoReadPosition  bus_servo_driver.o
    0x08003a70   0x08003a70   0x00000004   Code   RO          303    .text.SysTick_Handler  stm32l4xx_it.o
    0x08003a74   0x08003a74   0x00000012   Code   RO         1499    .text.SystemInit    system_stm32l4xx.o
    0x08003a86   0x08003a86   0x00000002   PAD
    0x08003a88   0x08003a88   0x000000e6   Code   RO         1336    .text.UART_AdvFeatureConfig  stm32l4xx_hal_uart.o
    0x08003b6e   0x08003b6e   0x00000002   PAD
    0x08003b70   0x08003b70   0x00000168   Code   RO         1340    .text.UART_CheckIdleState  stm32l4xx_hal_uart.o
    0x08003cd8   0x08003cd8   0x00000010   Code   RO         1414    .text.UART_DMAAbortOnError  stm32l4xx_hal_uart.o
    0x08003ce8   0x08003ce8   0x00000182   Code   RO         1374    .text.UART_DMAError  stm32l4xx_hal_uart.o
    0x08003e6a   0x08003e6a   0x00000002   PAD
    0x08003e6c   0x08003e6c   0x00000164   Code   RO         1454    .text.UART_DMAReceiveCplt  stm32l4xx_hal_uart.o
    0x08003fd0   0x08003fd0   0x0000001a   Code   RO         1456    .text.UART_DMARxHalfCplt  stm32l4xx_hal_uart.o
    0x08003fea   0x08003fea   0x00000002   PAD
    0x08003fec   0x08003fec   0x000000b0   Code   RO         1370    .text.UART_DMATransmitCplt  stm32l4xx_hal_uart.o
    0x0800409c   0x0800409c   0x00000006   Code   RO         1372    .text.UART_DMATxHalfCplt  stm32l4xx_hal_uart.o
    0x080040a2   0x080040a2   0x00000002   PAD
    0x080040a4   0x080040a4   0x00000200   Code   RO         1338    .text.UART_SetConfig  stm32l4xx_hal_uart.o
    0x080042a4   0x080042a4   0x00000146   Code   RO         1378    .text.UART_Start_Receive_DMA  stm32l4xx_hal_uart.o
    0x080043ea   0x080043ea   0x00000002   PAD
    0x080043ec   0x080043ec   0x00000340   Code   RO         1354    .text.UART_WaitOnFlagUntilTimeout  stm32l4xx_hal_uart.o
    0x0800472c   0x0800472c   0x0000000c   Code   RO          309    .text.USART2_IRQHandler  stm32l4xx_it.o
    0x08004738   0x08004738   0x00000002   Code   RO          295    .text.UsageFault_Handler  stm32l4xx_it.o
    0x0800473a   0x0800473a   0x00000002   PAD
    0x0800473c   0x0800473c   0x00000008   Code   RO          122    .text.VL53L1X_ClearInterrupt  vl53l1x_api.o
    0x08004744   0x08004744   0x0000001a   Code   RO          146    .text.VL53L1X_GetDistance  vl53l1x_api.o
    0x0800475e   0x0800475e   0x00000002   PAD
    0x08004760   0x08004760   0x00000030   Code   RO          158    .text.VL53L1X_GetRangeStatus  vl53l1x_api.o
    0x08004790   0x08004790   0x000000e8   Code   RO          116    .text.VL53L1X_SensorInit  vl53l1x_api.o
    0x08004878   0x08004878   0x0000013a   Code   RO          136    .text.VL53L1X_SetDistanceMode  vl53l1x_api.o
    0x080049b2   0x080049b2   0x00000002   PAD
    0x080049b4   0x080049b4   0x0000011c   Code   RO          130    .text.VL53L1X_SetTimingBudgetInMs  vl53l1x_api.o
    0x08004ad0   0x08004ad0   0x00000008   Code   RO          118    .text.VL53L1X_StartRanging  vl53l1x_api.o
    0x08004ad8   0x08004ad8   0x00000038   Code   RO           85    .text.VL53L1_RdByte  vl53l1_platform.o
    0x08004b10   0x08004b10   0x00000044   Code   RO           87    .text.VL53L1_RdWord  vl53l1_platform.o
    0x08004b54   0x08004b54   0x00000038   Code   RO           91    .text.VL53L1_ReadMulti  vl53l1_platform.o
    0x08004b8c   0x08004b8c   0x00000006   Code   RO          101    .text.VL53L1_WaitMs  vl53l1_platform.o
    0x08004b92   0x08004b92   0x00000002   PAD
    0x08004b94   0x08004b94   0x0000003e   Code   RO           93    .text.VL53L1_WrByte  vl53l1_platform.o
    0x08004bd2   0x08004bd2   0x00000002   PAD
    0x08004bd4   0x08004bd4   0x0000003c   Code   RO           97    .text.VL53L1_WrDWord  vl53l1_platform.o
    0x08004c10   0x08004c10   0x00000040   Code   RO           95    .text.VL53L1_WrWord  vl53l1_platform.o
    0x08004c50   0x08004c50   0x0000024e   Code   RO          198    .text.VL53L1__Init  vl53l1x_api.o
    0x08004e9e   0x08004e9e   0x00000002   PAD
    0x08004ea0   0x08004ea0   0x0000002a   Code   RO          260    .text.__NVIC_SystemReset  main.o
    0x08004eca   0x08004eca   0x00000006   PAD
    0x08004ed0   0x08004ed0   0x000003b6   Code   RO           71    .text.inverse_kinematic  kinematic.o
    0x08005286   0x08005286   0x00000002   PAD
    0x08005288   0x08005288   0x00000a18   Code   RO          232    .text.main          main.o
    0x08005ca0   0x08005ca0   0x00000188   Code   RO          236    .text.to_folded_position  main.o
    0x08005e28   0x08005e28   0x00000194   Code   RO          242    .text.to_home_position  main.o
    0x08005fbc   0x08005fbc   0x000001d4   Code   RO          248    .text.to_moving_position  main.o
    0x08006190   0x08006190   0x00000194   Code   RO          244    .text.to_ready_position  main.o
    0x08006324   0x08006324   0x0000000c   Code   RO           83    .text.vl53l1x_assignI2C  vl53l1_platform.o
    0x08006330   0x08006330   0x00000026   Code   RO         1588    i.__ARM_fpclassifyf  m_wm.l(fpclassifyf.o)
    0x08006356   0x08006356   0x00000002   PAD
    0x08006358   0x08006358   0x000002ac   Code   RO         1554    i.__hardfp_atan2f   m_wm.l(atan2f.o)
    0x08006604   0x08006604   0x00000150   Code   RO         1560    i.__hardfp_cosf     m_wm.l(cosf.o)
    0x08006754   0x08006754   0x00000190   Code   RO         1566    i.__hardfp_sinf     m_wm.l(sinf.o)
    0x080068e4   0x080068e4   0x00000006   Code   RO         1591    i.__mathlib_flt_infnan  m_wm.l(funder.o)
    0x080068ea   0x080068ea   0x00000006   Code   RO         1592    i.__mathlib_flt_infnan2  m_wm.l(funder.o)
    0x080068f0   0x080068f0   0x00000010   Code   RO         1593    i.__mathlib_flt_invalid  m_wm.l(funder.o)
    0x08006900   0x08006900   0x00000010   Code   RO         1596    i.__mathlib_flt_underflow  m_wm.l(funder.o)
    0x08006910   0x08006910   0x00000154   Code   RO         1604    i.__mathlib_rredf2  m_wm.l(rredf.o)
    0x08006a64   0x08006a64   0x000002b8   Code   RO         1533    x$fpl$ddiv          fz_wm.l(ddiv.o)
    0x08006d1c   0x08006d1c   0x0000005e   Code   RO         1536    x$fpl$dfix          fz_wm.l(dfix.o)
    0x08006d7a   0x08006d7a   0x00000002   PAD
    0x08006d7c   0x08006d7c   0x0000005a   Code   RO         1540    x$fpl$dfixu         fz_wm.l(dfixu.o)
    0x08006dd6   0x08006dd6   0x00000026   Code   RO         1544    x$fpl$dfltu         fz_wm.l(dflt_clz.o)
    0x08006dfc   0x08006dfc   0x00000154   Code   RO         1550    x$fpl$dmul          fz_wm.l(dmul.o)
    0x08006f50   0x08006f50   0x0000009c   Code   RO         1579    x$fpl$dnaninf       fz_wm.l(dnaninf.o)
    0x08006fec   0x08006fec   0x0000000c   Code   RO         1581    x$fpl$dretinf       fz_wm.l(dretinf.o)
    0x08006ff8   0x08006ff8   0x00000056   Code   RO         1552    x$fpl$f2d           fz_wm.l(f2d.o)
    0x0800704e   0x0800704e   0x0000008c   Code   RO         1583    x$fpl$fnaninf       fz_wm.l(fnaninf.o)
    0x080070da   0x080070da   0x0000001a   Code   RO         1718    x$fpl$fpinit        fz_wm.l(fpinit.o)
    0x080070f4   0x080070f4   0x00000000   Code   RO         1587    x$fpl$usenofp       fz_wm.l(usenofp.o)
    0x080070f4   0x080070f4   0x00000020   Data   RO         1605    .constdata          m_wm.l(rredf.o)
    0x08007114   0x08007114   0x00000010   Data   RO         1504    .rodata.AHBPrescTable  system_stm32l4xx.o
    0x08007124   0x08007124   0x00000008   Data   RO         1505    .rodata.APBPrescTable  system_stm32l4xx.o
    0x0800712c   0x0800712c   0x00000030   Data   RO         1506    .rodata.MSIRangeTable  system_stm32l4xx.o
    0x0800715c   0x0800715c   0x0000005b   Data   RO          200    .rodata.VL51L1X_DEFAULT_CONFIGURATION  vl53l1x_api.o
    0x080071b7   0x080071b7   0x00000001   PAD
    0x080071b8   0x080071b8   0x00000010   Data   RO         1458    .rodata.cst16       stm32l4xx_hal_uart.o
    0x080071c8   0x080071c8   0x00000018   Data   RO          201    .rodata.status_rtn  vl53l1x_api.o
    0x080071e0   0x080071e0   0x00000020   Data   RO         1779    Region$$Table       anon$$obj.o


    Execution Region RW_IRAM2 (Exec base: 0x10000000, Load base: 0x08007210, Size: 0x00000000, Max: 0x00004000, ABSOLUTE)

    **** No section assigned to this execution region ****


    Execution Region RW_IRAM1 (Exec base: 0x20000000, Load base: 0x08007200, Size: 0x00000918, Max: 0x0000c000, ABSOLUTE)

    Exec Addr    Load Addr    Size         Type   Attr      Idx    E Section Name        Object

    0x20000000   0x08007200   0x00000002   Data   RW          277    .data..L_MergedGlobals  main.o
    0x20000002   0x08007202   0x00000002   PAD
    0x20000004   0x08007204   0x00000008   Data   RW          577    .data..L_MergedGlobals  stm32l4xx_hal.o
    0x2000000c   0x0800720c   0x00000004   Data   RW         1503    .data.SystemCoreClock  system_stm32l4xx.o
    0x20000010        -       0x00000060   Zero   RW         1630    .bss                c_w.l(libspace.o)
    0x20000070        -       0x0000005c   Zero   RW          278    .bss..L_MergedGlobals.4  main.o
    0x200000cc        -       0x00000004   Zero   RW          103    .bss._vl53l1x_i2c_port  vl53l1_platform.o
    0x200000d0        -       0x00000048   Zero   RW          271    .bss.hdma_usart2_rx  main.o
    0x20000118        -       0x00000048   Zero   RW          274    .bss.hdma_usart2_tx  main.o
    0x20000160        -       0x00000054   Zero   RW          272    .bss.hi2c1          main.o
    0x200001b4        -       0x0000004c   Zero   RW          270    .bss.htim1          main.o
    0x20000200        -       0x00000088   Zero   RW          264    .bss.huart1         main.o
    0x20000288        -       0x00000088   Zero   RW          265    .bss.huart2         main.o
    0x20000310        -       0x00000001   Zero   RW          269    .bss.uart_rasp_done_flag  main.o
    0x20000311   0x08007210   0x00000003   PAD
    0x20000314        -       0x00000004   Zero   RW          576    .bss.uwTick         stm32l4xx_hal.o
    0x20000318        -       0x00000200   Zero   RW            2    HEAP                startup_stm32l432xx.o
    0x20000518        -       0x00000400   Zero   RW            1    STACK               startup_stm32l432xx.o


==============================================================================

Image component sizes


      Code (inc. data)   RO Data    RW Data    ZI Data      Debug   Object Name

       314          0          0          0          0      13112   bus_servo_driver.o
       950         52          0          0          0       6826   kinematic.o
      4632        110          0          2        669      30361   main.o
        64         26        396          0       1536        860   startup_stm32l432xx.o
       188          0          0          8          4       7655   stm32l4xx_hal.o
       196          0          0          0          0      10258   stm32l4xx_hal_cortex.o
       698          0          0          0          0       7657   stm32l4xx_hal_dma.o
       476          0          0          0          0       5353   stm32l4xx_hal_gpio.o
      2192          0          0          0          0      62215   stm32l4xx_hal_i2c.o
       146          0          0          0          0       6064   stm32l4xx_hal_i2c_ex.o
       752          0          0          0          0      12561   stm32l4xx_hal_msp.o
       156          0          0          0          0       8784   stm32l4xx_hal_pwr_ex.o
      2892          0          0          0          0      12151   stm32l4xx_hal_rcc.o
       972          0          0          0          0      13920   stm32l4xx_hal_rcc_ex.o
      1448         20          0          0          0      63714   stm32l4xx_hal_tim.o
       260          0          0          0          0      23160   stm32l4xx_hal_tim_ex.o
      5754         48         16          0          0      37016   stm32l4xx_hal_uart.o
       154          0          0          0          0       9002   stm32l4xx_hal_uart_ex.o
        56          0          0          0          0       4498   stm32l4xx_it.o
        18          0         72          4          0       2984   system_stm32l4xx.o
       384          0          0          0          4       6347   vl53l1_platform.o
      1510         46        115          0          0      20255   vl53l1x_api.o

    ----------------------------------------------------------------------
     24320        302        632         16       2216     364753   Object Totals
         0          0         32          0          0          0   (incl. Generated)
       108          0          1          2          3          0   (incl. Padding)

    ----------------------------------------------------------------------

      Code (inc. data)   RO Data    RW Data    ZI Data      Debug   Library Member Name

         8          0          0          0          0         68   __main.o
         0          0          0          0          0          0   __rtentry.o
        12          0          0          0          0          0   __rtentry2.o
         6          0          0          0          0          0   __rtentry4.o
        94          8          0          0          0          0   __scatter.o
        26          0          0          0          0          0   __scatter_copy.o
        28          0          0          0          0          0   __scatter_zi.o
        22          0          0          0          0        100   _rserrno.o
        18          0          0          0          0         80   exit.o
         6          0          0          0          0        152   heapauxi.o
         0          0          0          0          0          0   indicate_semi.o
         2          0          0          0          0          0   libinit.o
         6          0          0          0          0          0   libinit2.o
         2          0          0          0          0          0   libshutdown.o
         2          0          0          0          0          0   libshutdown2.o
         8          4          0          0         96         68   libspace.o
       240          0          0          0          0        100   lludivv7m.o
         8          4          0          0          0         68   rt_errno_addr_intlibspace.o
        78          0          0          0          0         80   rt_memclr_w.o
         2          0          0          0          0          0   rtexit.o
        10          0          0          0          0          0   rtexit2.o
        12          4          0          0          0         68   sys_exit.o
        74          0          0          0          0         80   sys_stackheap_outer.o
         2          0          0          0          0         68   use_no_semi.o
       696        140          0          0          0        264   ddiv.o
        94          4          0          0          0        140   dfix.o
        90          4          0          0          0        140   dfixu.o
        38          0          0          0          0        116   dflt_clz.o
       340         12          0          0          0        152   dmul.o
       156          4          0          0          0        140   dnaninf.o
        12          0          0          0          0        116   dretinf.o
        86          4          0          0          0        132   f2d.o
       140          4          0          0          0        132   fnaninf.o
        26          0          0          0          0        116   fpinit.o
         0          0          0          0          0          0   usenofp.o
       684         90          0          0          0        208   atan2f.o
       336         56          0          0          0        136   cosf.o
        38          0          0          0          0        116   fpclassifyf.o
        44         12          0          0          0        464   funder.o
       340         24         32          0          0        160   rredf.o
       400         56          0          0          0        212   sinf.o

    ----------------------------------------------------------------------
      4200        430         32          0         96       3676   Library Totals
        14          0          0          0          0          0   (incl. Padding)

    ----------------------------------------------------------------------

      Code (inc. data)   RO Data    RW Data    ZI Data      Debug   Library Name

       666         20          0          0         96        932   c_w.l
      1678        172          0          0          0       1448   fz_wm.l
      1842        238         32          0          0       1296   m_wm.l

    ----------------------------------------------------------------------
      4200        430         32          0         96       3676   Library Totals

    ----------------------------------------------------------------------

==============================================================================


      Code (inc. data)   RO Data    RW Data    ZI Data      Debug   

     28520        732        664         16       2312     366033   Grand Totals
     28520        732        664         16       2312     366033   ELF Image Totals
     28520        732        664         16          0          0   ROM Totals

==============================================================================

    Total RO  Size (Code + RO Data)                29184 (  28.50kB)
    Total RW  Size (RW Data + ZI Data)              2328 (   2.27kB)
    Total ROM Size (Code + RO Data + RW Data)      29200 (  28.52kB)

==============================================================================

